This is pdfTeX, Version 3.141592653-2.6-1.40.29 (TeX Live 2026) (preloaded format=pdflatex 2026.6.23)  17 JUL 2026 18:07
entering extended mode
 \write18 enabled.
 %&-line parsing enabled.
**content/kactl.tex
(./content/kactl.tex
LaTeX2e <2026-06-01>
L3 programming layer <2026-06-18>
(/usr/local/texlive/2026basic/texmf-dist/tex/latex/extsizes/extreport.cls
Document Class: extreport 1996/10/08 v1.0 Non Standard LaTeX document class
(/usr/local/texlive/2026basic/texmf-dist/tex/latex/extsizes/size9.clo
File: size9.clo 1999/11/11 v1.4a NON-Standard LaTeX file (size option)
) (/usr/local/texlive/2026basic/texmf-dist/tex/latex/base/exscale.sty
Package: exscale 2025/12/24 v2.1j Standard LaTeX package exscale
LaTeX Font Info:    Redeclaring symbol font `largesymbols' on input line 57.
LaTeX Font Info:    Overwriting symbol font `largesymbols' in version `normal'
(Font)                  OMX/cmex/m/n --> OMX/cmex/m/n on input line 57.
LaTeX Font Info:    Overwriting symbol font `largesymbols' in version `bold'
(Font)                  OMX/cmex/m/n --> OMX/cmex/m/n on input line 57.
\big@size=\dimen150
)
\c@part=\count276
\c@chapter=\count277
\c@section=\count278
\c@subsection=\count279
\c@subsubsection=\count280
\c@paragraph=\count281
\c@subparagraph=\count282
\c@figure=\count283
\c@table=\count284
\abovecaptionskip=\skip49
\belowcaptionskip=\skip50
\bibindent=\dimen151
) (content/tex/kactlpkg.sty
Package: kactlpkg 
 (/usr/local/texlive/2026basic/texmf-dist/tex/latex/base/inputenc.sty
Package: inputenc 2024/02/08 v1.3d Input encoding file
\inpenc@prehook=\toks17
\inpenc@posthook=\toks18
) (/usr/local/texlive/2026basic/texmf-dist/tex/latex/listings/listings.sty (/usr/local/texlive/2026basic/texmf-dist/tex/latex/graphics/keyval.sty
Package: keyval 2026-05-17 v1.15 key=value parser (DPC)
\KV@toks@=\toks19
)
\lst@mode=\count285
\lst@gtempboxa=\box53
\lst@token=\toks20
\lst@length=\count286
\lst@currlwidth=\dimen152
\lst@column=\count287
\lst@pos=\count288
\lst@lostspace=\dimen153
\lst@width=\dimen154
\lst@newlines=\count289
\lst@lineno=\count290
\lst@maxwidth=\dimen155
 (/usr/local/texlive/2026basic/texmf-dist/tex/latex/listings/lstpatch.sty
File: lstpatch.sty 2025/11/14 1.11b (Carsten Heinz)
) (/usr/local/texlive/2026basic/texmf-dist/tex/latex/listings/lstmisc.sty
File: lstmisc.sty 2025/11/14 1.11b (Carsten Heinz)
\c@lstnumber=\count291
\lst@skipnumbers=\count292
\lst@framebox=\box54
) (/usr/local/texlive/2026basic/texmf-dist/tex/latex/listings/listings.cfg
File: listings.cfg 2025/11/14 1.11b listings configuration
))
Package: listings 2025/11/14 1.11b (Carsten Heinz)
 (/usr/local/texlive/2026basic/texmf-dist/tex/latex/framed/framed.sty
Package: framed 2011/10/22 v 0.96: framed or shaded text with page breaks
\OuterFrameSep=\skip51
\fb@frw=\dimen156
\fb@frh=\dimen157
\FrameRule=\dimen158
\FrameSep=\dimen159
) (/usr/local/texlive/2026basic/texmf-dist/tex/latex/geometry/geometry.sty
Package: geometry 2026/03/07 v6.0 Page Geometry
 (/usr/local/texlive/2026basic/texmf-dist/tex/generic/iftex/ifvtex.sty
Package: ifvtex 2019/10/25 v1.7 ifvtex legacy package. Use iftex instead.
 (/usr/local/texlive/2026basic/texmf-dist/tex/generic/iftex/iftex.sty
Package: iftex 2024/12/12 v1.0g TeX engine tests
))
\Gm@cnth=\count293
\Gm@cntv=\count294
\c@Gm@tempcnt=\count295
\Gm@bindingoffset=\dimen160
\Gm@wd@mp=\dimen161
\Gm@odd@mp=\dimen162
\Gm@even@mp=\dimen163
\Gm@layoutwidth=\dimen164
\Gm@layoutheight=\dimen165
\Gm@layouthoffset=\dimen166
\Gm@layoutvoffset=\dimen167
\Gm@dimlist=\toks21
) (/usr/local/texlive/2026basic/texmf-dist/tex/latex/tools/multicol.sty
Package: multicol 2025/10/21 v2.0b multicolumn formatting (FMi)
\c@tracingmulticols=\count296
\mult@box=\box55
\multicol@leftmargin=\dimen168
\c@unbalance=\count297
\c@collectmore=\count298
\doublecol@number=\count299
\multicoltolerance=\count300
\multicolpretolerance=\count301
\full@width=\dimen169
\page@free=\dimen170
\premulticols=\dimen171
\postmulticols=\dimen172
\multicolsep=\skip52
\multicolbaselineskip=\skip53
\partial@page=\box56
\last@line=\box57
\mc@boxedresult=\box58
\maxbalancingoverflow=\dimen173
\mult@rightbox=\box59
\mult@grightbox=\box60
\mult@firstbox=\box61
\mult@gfirstbox=\box62
\@tempa=\box63
\@tempa=\box64
\@tempa=\box65
\@tempa=\box66
\@tempa=\box67
\@tempa=\box68
\@tempa=\box69
\@tempa=\box70
\@tempa=\box71
\@tempa=\box72
\@tempa=\box73
\@tempa=\box74
\@tempa=\box75
\@tempa=\box76
\@tempa=\box77
\@tempa=\box78
\@tempa=\box79
\@tempa=\box80
\@tempa=\box81
\@tempa=\box82
\@tempa=\box83
\@tempa=\box84
\@tempa=\box85
\@tempa=\box86
\@tempa=\box87
\@tempa=\box88
\@tempa=\box89
\@tempa=\box90
\@tempa=\box91
\@tempa=\box92
\@tempa=\box93
\@tempa=\box94
\@tempa=\box95
\@tempa=\box96
\@tempa=\box97
\@tempa=\box98
\c@minrows=\count302
\c@columnbadness=\count303
\c@finalcolumnbadness=\count304
\last@try=\dimen174
\multicolovershoot=\dimen175
\multicolundershoot=\dimen176
\mult@nat@firstbox=\box99
\colbreak@box=\box100
\mc@col@check@num=\count305
\g__mc_curr_col_int=\count306
) (/usr/local/texlive/2026basic/texmf-dist/tex/latex/fancyhdr/fancyhdr.sty
Package: fancyhdr 2025/02/07 v5.2 Extensive control of page headers and footers
\f@nch@headwidth=\skip54
\f@nch@offset@elh=\skip55
\f@nch@offset@erh=\skip56
\f@nch@offset@olh=\skip57
\f@nch@offset@orh=\skip58
\f@nch@offset@elf=\skip59
\f@nch@offset@erf=\skip60
\f@nch@offset@olf=\skip61
\f@nch@offset@orf=\skip62
\f@nch@height=\skip63
\f@nch@footalignment=\skip64
\f@nch@widthL=\skip65
\f@nch@widthC=\skip66
\f@nch@widthR=\skip67
\@temptokenb=\toks22
) (/usr/local/texlive/2026basic/texmf-dist/tex/latex/amsmath/amsbsy.sty
Package: amsbsy 1999/11/29 v1.2d Bold Symbols
 (/usr/local/texlive/2026basic/texmf-dist/tex/latex/amsmath/amsgen.sty
File: amsgen.sty 1999/11/30 v2.0 generic functions
\@emptytoks=\toks23
\ex@=\dimen177
)
\pmbraise@=\dimen178
) (/usr/local/texlive/2026basic/texmf-dist/tex/latex/amsfonts/amssymb.sty
Package: amssymb 2013/01/14 v3.01 AMS font symbols
 (/usr/local/texlive/2026basic/texmf-dist/tex/latex/amsfonts/amsfonts.sty
Package: amsfonts 2013/01/14 v3.01 Basic AMSFonts support
\symAMSa=\mathgroup4
\symAMSb=\mathgroup5
LaTeX Font Info:    Redeclaring math symbol \hbar on input line 98.
LaTeX Font Info:    Overwriting math alphabet `\mathfrak' in version `bold'
(Font)                  U/euf/m/n --> U/euf/b/n on input line 106.
)) (/usr/local/texlive/2026basic/texmf-dist/tex/latex/amsmath/amsmath.sty
Package: amsmath 2026/05/19 v2.18d AMS math features
\@mathmargin=\skip68

For additional information on amsmath, use the `?' option.
(/usr/local/texlive/2026basic/texmf-dist/tex/latex/amsmath/amstext.sty
Package: amstext 2024/11/17 v2.01 AMS text
) (/usr/local/texlive/2026basic/texmf-dist/tex/latex/amsmath/amsopn.sty
Package: amsopn 2022/04/08 v2.04 operator names
)
\inf@bad=\count307
LaTeX Info: Redefining \frac on input line 233.
\uproot@=\count308
\leftroot@=\count309
LaTeX Info: Redefining \overline on input line 398.
LaTeX Info: Redefining \colon on input line 409.
\classnum@=\count310
\DOTSCASE@=\count311
LaTeX Info: Redefining \ldots on input line 495.
LaTeX Info: Redefining \dots on input line 498.
LaTeX Info: Redefining \cdots on input line 619.
\Mathstrutbox@=\box101
\strutbox@=\box102
LaTeX Info: Redefining \big on input line 721.
LaTeX Info: Redefining \Big on input line 722.
LaTeX Info: Redefining \bigg on input line 723.
LaTeX Info: Redefining \Bigg on input line 724.
\big@size=\dimen179
LaTeX Font Info:    Redeclaring font encoding OML on input line 742.
LaTeX Font Info:    Redeclaring font encoding OMS on input line 743.
\macc@depth=\count312
LaTeX Info: Redefining \bmod on input line 904.
LaTeX Info: Redefining \pmod on input line 909.
LaTeX Info: Redefining \smash on input line 939.
LaTeX Info: Redefining \relbar on input line 969.
LaTeX Info: Redefining \Relbar on input line 970.
\c@MaxMatrixCols=\count313
\dotsspace@=\muskip17
\c@parentequation=\count314
\dspbrk@lvl=\count315
\tag@help=\toks24
\row@=\count316
\column@=\count317
\maxfields@=\count318
\andhelp@=\toks25
\eqnshift@=\dimen180
\alignsep@=\dimen181
\tagshift@=\dimen182
\tagwidth@=\dimen183
\totwidth@=\dimen184
\lineht@=\dimen185
\@envbody=\toks26
\multlinegap=\skip69
\multlinetaggap=\skip70
\mathdisplay@stack=\toks27
LaTeX Info: Redefining \[ on input line 2965.
LaTeX Info: Redefining \] on input line 2966.
) (/Users/mtbishmam/Library/texmf/tex/latex/tocloft/tocloft.sty
Package: tocloft 2017/08/31 v2.3i parameterised ToC, etc., typesetting
Package tocloft Info: The document has chapter divisions on input line 51.
\cftparskip=\skip71
\cftbeforetoctitleskip=\skip72
\cftaftertoctitleskip=\skip73
\cftbeforepartskip=\skip74
\cftpartnumwidth=\skip75
\cftpartindent=\skip76
\cftbeforechapskip=\skip77
\cftchapindent=\skip78
\cftchapnumwidth=\skip79
\cftbeforesecskip=\skip80
\cftsecindent=\skip81
\cftsecnumwidth=\skip82
\cftbeforesubsecskip=\skip83
\cftsubsecindent=\skip84
\cftsubsecnumwidth=\skip85
\cftbeforesubsubsecskip=\skip86
\cftsubsubsecindent=\skip87
\cftsubsubsecnumwidth=\skip88
\cftbeforeparaskip=\skip89
\cftparaindent=\skip90
\cftparanumwidth=\skip91
\cftbeforesubparaskip=\skip92
\cftsubparaindent=\skip93
\cftsubparanumwidth=\skip94
\cftbeforeloftitleskip=\skip95
\cftafterloftitleskip=\skip96
\cftbeforefigskip=\skip97
\cftfigindent=\skip98
\cftfignumwidth=\skip99
\c@lofdepth=\count319
\c@lotdepth=\count320
\cftbeforelottitleskip=\skip100
\cftafterlottitleskip=\skip101
\cftbeforetabskip=\skip102
\cfttabindent=\skip103
\cfttabnumwidth=\skip104
) (/Users/mtbishmam/Library/texmf/tex/latex/titlesec/titletoc.sty
Package: titletoc 2025/01/04 v2.17 TOC entries
\ttl@leftsep=\dimen186
) (/usr/local/texlive/2026basic/texmf-dist/tex/latex/base/ifthen.sty
Package: ifthen 2024/03/16 v1.1e Standard LaTeX ifthen package (DPC)
) (/usr/local/texlive/2026basic/texmf-dist/tex/latex/psnfss/courier.sty
Package: courier 2020/03/25 PSNFSS-v9.3 (WaS) 
) (/usr/local/texlive/2026basic/texmf-dist/tex/latex/graphics/graphicx.sty
Package: graphicx 2026-05-17 v1.2e Enhanced LaTeX Graphics (DPC,SPQR)
 (/usr/local/texlive/2026basic/texmf-dist/tex/latex/graphics/graphics.sty
Package: graphics 2026-05-17 v1.4h Standard LaTeX Graphics (DPC,SPQR)
 (/usr/local/texlive/2026basic/texmf-dist/tex/latex/graphics/trig.sty
Package: trig 2023/12/02 v1.11 sin cos tan (DPC)
) (/usr/local/texlive/2026basic/texmf-dist/tex/latex/graphics-cfg/graphics.cfg
File: graphics.cfg 2016/06/04 v1.11 sample graphics configuration
)
Package graphics Info: Driver file: pdftex.def on input line 106.
 (/usr/local/texlive/2026basic/texmf-dist/tex/latex/graphics-def/pdftex.def
File: pdftex.def 2025/09/29 v1.2d Graphics/color driver for pdftex
))
\Gin@req@height=\dimen187
\Gin@req@width=\dimen188
) (/usr/local/texlive/2026basic/texmf-dist/tex/latex/base/fix-cm.sty
Package: fix-cm 2020/11/24 v1.1t fixes to LaTeX
 (/usr/local/texlive/2026basic/texmf-dist/tex/latex/base/ts1enc.def
File: ts1enc.def 2001/06/05 v3.0e (jk/car/fm) Standard LaTeX file
LaTeX Font Info:    Redeclaring font encoding TS1 on input line 47.
LaTeX Encoding Info:    Redeclaring text command \capitalcedilla (encoding TS1) on input line 49.
LaTeX Encoding Info:    Redeclaring text command \capitalogonek (encoding TS1) on input line 52.
LaTeX Encoding Info:    Redeclaring text command \capitalgrave (encoding TS1) on input line 55.
LaTeX Encoding Info:    Redeclaring text command \capitalacute (encoding TS1) on input line 56.
LaTeX Encoding Info:    Redeclaring text command \capitalcircumflex (encoding TS1) on input line 57.
LaTeX Encoding Info:    Redeclaring text command \capitaltilde (encoding TS1) on input line 58.
LaTeX Encoding Info:    Redeclaring text command \capitaldieresis (encoding TS1) on input line 59.
LaTeX Encoding Info:    Redeclaring text command \capitalhungarumlaut (encoding TS1) on input line 60.
LaTeX Encoding Info:    Redeclaring text command \capitalring (encoding TS1) on input line 61.
LaTeX Encoding Info:    Redeclaring text command \capitalcaron (encoding TS1) on input line 62.
LaTeX Encoding Info:    Redeclaring text command \capitalbreve (encoding TS1) on input line 63.
LaTeX Encoding Info:    Redeclaring text command \capitalmacron (encoding TS1) on input line 64.
LaTeX Encoding Info:    Redeclaring text command \capitaldotaccent (encoding TS1) on input line 65.
LaTeX Encoding Info:    Redeclaring text command \t (encoding TS1) on input line 66.
LaTeX Encoding Info:    Redeclaring text command \capitaltie (encoding TS1) on input line 67.
LaTeX Encoding Info:    Redeclaring text command \newtie (encoding TS1) on input line 68.
LaTeX Encoding Info:    Redeclaring text command \capitalnewtie (encoding TS1) on input line 69.
LaTeX Encoding Info:    Redeclaring text symbol \textcapitalcompwordmark (encoding TS1) on input line 70.
LaTeX Encoding Info:    Redeclaring text symbol \textascendercompwordmark (encoding TS1) on input line 71.
LaTeX Encoding Info:    Redeclaring text symbol \textquotestraightbase (encoding TS1) on input line 72.
LaTeX Encoding Info:    Redeclaring text symbol \textquotestraightdblbase (encoding TS1) on input line 73.
LaTeX Encoding Info:    Redeclaring text symbol \texttwelveudash (encoding TS1) on input line 74.
LaTeX Encoding Info:    Redeclaring text symbol \textthreequartersemdash (encoding TS1) on input line 75.
LaTeX Encoding Info:    Redeclaring text symbol \textleftarrow (encoding TS1) on input line 76.
LaTeX Encoding Info:    Redeclaring text symbol \textrightarrow (encoding TS1) on input line 77.
LaTeX Encoding Info:    Redeclaring text symbol \textblank (encoding TS1) on input line 78.
LaTeX Encoding Info:    Redeclaring text symbol \textdollar (encoding TS1) on input line 79.
LaTeX Encoding Info:    Redeclaring text symbol \textquotesingle (encoding TS1) on input line 80.
LaTeX Encoding Info:    Redeclaring text command \textasteriskcentered (encoding TS1) on input line 81.
LaTeX Encoding Info:    Redeclaring text symbol \textdblhyphen (encoding TS1) on input line 92.
LaTeX Encoding Info:    Redeclaring text symbol \textfractionsolidus (encoding TS1) on input line 93.
LaTeX Encoding Info:    Redeclaring text symbol \textzerooldstyle (encoding TS1) on input line 94.
LaTeX Encoding Info:    Redeclaring text symbol \textoneoldstyle (encoding TS1) on input line 95.
LaTeX Encoding Info:    Redeclaring text symbol \texttwooldstyle (encoding TS1) on input line 96.
LaTeX Encoding Info:    Redeclaring text symbol \textthreeoldstyle (encoding TS1) on input line 97.
LaTeX Encoding Info:    Redeclaring text symbol \textfouroldstyle (encoding TS1) on input line 98.
LaTeX Encoding Info:    Redeclaring text symbol \textfiveoldstyle (encoding TS1) on input line 99.
LaTeX Encoding Info:    Redeclaring text symbol \textsixoldstyle (encoding TS1) on input line 100.
LaTeX Encoding Info:    Redeclaring text symbol \textsevenoldstyle (encoding TS1) on input line 101.
LaTeX Encoding Info:    Redeclaring text symbol \texteightoldstyle (encoding TS1) on input line 102.
LaTeX Encoding Info:    Redeclaring text symbol \textnineoldstyle (encoding TS1) on input line 103.
LaTeX Encoding Info:    Redeclaring text symbol \textlangle (encoding TS1) on input line 104.
LaTeX Encoding Info:    Redeclaring text symbol \textminus (encoding TS1) on input line 105.
LaTeX Encoding Info:    Redeclaring text symbol \textrangle (encoding TS1) on input line 106.
LaTeX Encoding Info:    Redeclaring text symbol \textmho (encoding TS1) on input line 107.
LaTeX Encoding Info:    Redeclaring text symbol \textbigcircle (encoding TS1) on input line 108.
LaTeX Encoding Info:    Redeclaring text command \textcircled (encoding TS1) on input line 109.
LaTeX Encoding Info:    Redeclaring text symbol \textohm (encoding TS1) on input line 115.
LaTeX Encoding Info:    Redeclaring text symbol \textlbrackdbl (encoding TS1) on input line 116.
LaTeX Encoding Info:    Redeclaring text symbol \textrbrackdbl (encoding TS1) on input line 117.
LaTeX Encoding Info:    Redeclaring text symbol \textuparrow (encoding TS1) on input line 118.
LaTeX Encoding Info:    Redeclaring text symbol \textdownarrow (encoding TS1) on input line 119.
LaTeX Encoding Info:    Redeclaring text symbol \textasciigrave (encoding TS1) on input line 120.
LaTeX Encoding Info:    Redeclaring text symbol \textborn (encoding TS1) on input line 121.
LaTeX Encoding Info:    Redeclaring text symbol \textdivorced (encoding TS1) on input line 122.
LaTeX Encoding Info:    Redeclaring text symbol \textdied (encoding TS1) on input line 123.
LaTeX Encoding Info:    Redeclaring text symbol \textleaf (encoding TS1) on input line 124.
LaTeX Encoding Info:    Redeclaring text symbol \textmarried (encoding TS1) on input line 125.
LaTeX Encoding Info:    Redeclaring text symbol \textmusicalnote (encoding TS1) on input line 126.
LaTeX Encoding Info:    Redeclaring text symbol \texttildelow (encoding TS1) on input line 127.
LaTeX Encoding Info:    Redeclaring text symbol \textdblhyphenchar (encoding TS1) on input line 128.
LaTeX Encoding Info:    Redeclaring text symbol \textasciibreve (encoding TS1) on input line 129.
LaTeX Encoding Info:    Redeclaring text symbol \textasciicaron (encoding TS1) on input line 130.
LaTeX Encoding Info:    Redeclaring text symbol \textacutedbl (encoding TS1) on input line 131.
LaTeX Encoding Info:    Redeclaring text symbol \textgravedbl (encoding TS1) on input line 132.
LaTeX Encoding Info:    Redeclaring text symbol \textdagger (encoding TS1) on input line 133.
LaTeX Encoding Info:    Redeclaring text symbol \textdaggerdbl (encoding TS1) on input line 134.
LaTeX Encoding Info:    Redeclaring text symbol \textbardbl (encoding TS1) on input line 135.
LaTeX Encoding Info:    Redeclaring text symbol \textperthousand (encoding TS1) on input line 136.
LaTeX Encoding Info:    Redeclaring text symbol \textbullet (encoding TS1) on input line 137.
LaTeX Encoding Info:    Redeclaring text symbol \textcelsius (encoding TS1) on input line 138.
LaTeX Encoding Info:    Redeclaring text symbol \textdollaroldstyle (encoding TS1) on input line 139.
LaTeX Encoding Info:    Redeclaring text symbol \textcentoldstyle (encoding TS1) on input line 140.
LaTeX Encoding Info:    Redeclaring text symbol \textflorin (encoding TS1) on input line 141.
LaTeX Encoding Info:    Redeclaring text symbol \textcolonmonetary (encoding TS1) on input line 142.
LaTeX Encoding Info:    Redeclaring text symbol \textwon (encoding TS1) on input line 143.
LaTeX Encoding Info:    Redeclaring text symbol \textnaira (encoding TS1) on input line 144.
LaTeX Encoding Info:    Redeclaring text symbol \textguarani (encoding TS1) on input line 145.
LaTeX Encoding Info:    Redeclaring text symbol \textpeso (encoding TS1) on input line 146.
LaTeX Encoding Info:    Redeclaring text symbol \textlira (encoding TS1) on input line 147.
LaTeX Encoding Info:    Redeclaring text symbol \textrecipe (encoding TS1) on input line 148.
LaTeX Encoding Info:    Redeclaring text symbol \textinterrobang (encoding TS1) on input line 149.
LaTeX Encoding Info:    Redeclaring text symbol \textinterrobangdown (encoding TS1) on input line 150.
LaTeX Encoding Info:    Redeclaring text symbol \textdong (encoding TS1) on input line 151.
LaTeX Encoding Info:    Redeclaring text symbol \texttrademark (encoding TS1) on input line 152.
LaTeX Encoding Info:    Redeclaring text symbol \textpertenthousand (encoding TS1) on input line 153.
LaTeX Encoding Info:    Redeclaring text symbol \textpilcrow (encoding TS1) on input line 154.
LaTeX Encoding Info:    Redeclaring text symbol \textbaht (encoding TS1) on input line 155.
LaTeX Encoding Info:    Redeclaring text symbol \textnumero (encoding TS1) on input line 156.
LaTeX Encoding Info:    Redeclaring text symbol \textdiscount (encoding TS1) on input line 157.
LaTeX Encoding Info:    Redeclaring text symbol \textestimated (encoding TS1) on input line 158.
LaTeX Encoding Info:    Redeclaring text symbol \textopenbullet (encoding TS1) on input line 159.
LaTeX Encoding Info:    Redeclaring text symbol \textservicemark (encoding TS1) on input line 160.
LaTeX Encoding Info:    Redeclaring text symbol \textlquill (encoding TS1) on input line 161.
LaTeX Encoding Info:    Redeclaring text symbol \textrquill (encoding TS1) on input line 162.
LaTeX Encoding Info:    Redeclaring text symbol \textcent (encoding TS1) on input line 163.
LaTeX Encoding Info:    Redeclaring text symbol \textsterling (encoding TS1) on input line 164.
LaTeX Encoding Info:    Redeclaring text symbol \textcurrency (encoding TS1) on input line 165.
LaTeX Encoding Info:    Redeclaring text symbol \textyen (encoding TS1) on input line 166.
LaTeX Encoding Info:    Redeclaring text symbol \textbrokenbar (encoding TS1) on input line 167.
LaTeX Encoding Info:    Redeclaring text symbol \textsection (encoding TS1) on input line 168.
LaTeX Encoding Info:    Redeclaring text symbol \textasciidieresis (encoding TS1) on input line 169.
LaTeX Encoding Info:    Redeclaring text symbol \textcopyright (encoding TS1) on input line 170.
LaTeX Encoding Info:    Redeclaring text symbol \textordfeminine (encoding TS1) on input line 171.
LaTeX Encoding Info:    Redeclaring text symbol \textcopyleft (encoding TS1) on input line 172.
LaTeX Encoding Info:    Redeclaring text symbol \textlnot (encoding TS1) on input line 173.
LaTeX Encoding Info:    Redeclaring text symbol \textcircledP (encoding TS1) on input line 174.
LaTeX Encoding Info:    Redeclaring text symbol \textregistered (encoding TS1) on input line 175.
LaTeX Encoding Info:    Redeclaring text symbol \textasciimacron (encoding TS1) on input line 176.
LaTeX Encoding Info:    Redeclaring text symbol \textdegree (encoding TS1) on input line 177.
LaTeX Encoding Info:    Redeclaring text symbol \textpm (encoding TS1) on input line 178.
LaTeX Encoding Info:    Redeclaring text symbol \texttwosuperior (encoding TS1) on input line 179.
LaTeX Encoding Info:    Redeclaring text symbol \textthreesuperior (encoding TS1) on input line 180.
LaTeX Encoding Info:    Redeclaring text symbol \textasciiacute (encoding TS1) on input line 181.
LaTeX Encoding Info:    Redeclaring text symbol \textmu (encoding TS1) on input line 182.
LaTeX Encoding Info:    Redeclaring text symbol \textparagraph (encoding TS1) on input line 183.
LaTeX Encoding Info:    Redeclaring text symbol \textperiodcentered (encoding TS1) on input line 184.
LaTeX Encoding Info:    Redeclaring text symbol \textreferencemark (encoding TS1) on input line 185.
LaTeX Encoding Info:    Redeclaring text symbol \textonesuperior (encoding TS1) on input line 186.
LaTeX Encoding Info:    Redeclaring text symbol \textordmasculine (encoding TS1) on input line 187.
LaTeX Encoding Info:    Redeclaring text symbol \textsurd (encoding TS1) on input line 188.
LaTeX Encoding Info:    Redeclaring text symbol \textonequarter (encoding TS1) on input line 189.
LaTeX Encoding Info:    Redeclaring text symbol \textonehalf (encoding TS1) on input line 190.
LaTeX Encoding Info:    Redeclaring text symbol \textthreequarters (encoding TS1) on input line 191.
LaTeX Encoding Info:    Redeclaring text symbol \texteuro (encoding TS1) on input line 192.
LaTeX Encoding Info:    Redeclaring text symbol \texttimes (encoding TS1) on input line 193.
LaTeX Encoding Info:    Redeclaring text symbol \textdiv (encoding TS1) on input line 194.
)) (/Users/mtbishmam/Library/texmf/tex/latex/paralist/paralist.sty
Package: paralist 2017/01/22 v2.7 Extended list environments
\pltopsep=\skip105
\plpartopsep=\skip106
\plitemsep=\skip107
\plparsep=\skip108
\pl@lab=\toks28
) (/Users/mtbishmam/Library/texmf/tex/latex/enumitem/enumitem.sty
Package: enumitem 2025/02/06 v3.11 Customized lists
\labelindent=\skip109
\enit@outerparindent=\dimen189
\enit@toks=\toks29
\enit@inbox=\box103
\enit@count@id=\count321
\enitdp@description=\count322
) (/usr/local/texlive/2026basic/texmf-dist/tex/latex/parskip/parskip.sty
Package: parskip 2021-03-14 v2.0h non-zero parskip adjustments
 (/usr/local/texlive/2026basic/texmf-dist/tex/latex/kvoptions/kvoptions.sty
Package: kvoptions 2022-06-15 v3.15 Key value format for package options (HO)
 (/usr/local/texlive/2026basic/texmf-dist/tex/generic/ltxcmds/ltxcmds.sty
Package: ltxcmds 2023-12-04 v1.26 LaTeX kernel commands for general use (HO)
) (/usr/local/texlive/2026basic/texmf-dist/tex/latex/kvsetkeys/kvsetkeys.sty
Package: kvsetkeys 2022-10-05 v1.19 Key value parser (HO)
)) (/usr/local/texlive/2026basic/texmf-dist/tex/latex/etoolbox/etoolbox.sty
Package: etoolbox 2025/10/02 v2.5m e-TeX tools for LaTeX (JAW)
\etb@tempcnta=\count323
)) (/usr/local/texlive/2026basic/texmf-dist/tex/latex/xcolor/xcolor.sty
Package: xcolor 2024/09/29 v3.02 LaTeX color extensions (UK)
 (/usr/local/texlive/2026basic/texmf-dist/tex/latex/graphics-cfg/color.cfg
File: color.cfg 2016/01/02 v1.6 sample color configuration
)
Package xcolor Info: Driver file: pdftex.def on input line 274.
 (/usr/local/texlive/2026basic/texmf-dist/tex/latex/graphics/mathcolor.ltx)
Package xcolor Info: Model `cmy' substituted by `cmy0' on input line 1349.
Package xcolor Info: Model `hsb' substituted by `rgb' on input line 1353.
Package xcolor Info: Model `RGB' extended on input line 1365.
Package xcolor Info: Model `HTML' substituted by `rgb' on input line 1367.
Package xcolor Info: Model `Hsb' substituted by `hsb' on input line 1368.
Package xcolor Info: Model `tHsb' substituted by `hsb' on input line 1369.
Package xcolor Info: Model `HSB' substituted by `hsb' on input line 1370.
Package xcolor Info: Model `Gray' substituted by `gray' on input line 1371.
Package xcolor Info: Model `wave' substituted by `hsb' on input line 1372.
) (/usr/local/texlive/2026basic/texmf-dist/tex/latex/graphics/dvipsnam.def
File: dvipsnam.def 2026-05-17 v3.0m Driver-dependent file (DPC,SPQR)
) (/usr/local/texlive/2026basic/texmf-dist/tex/generic/ulem/ulem.sty
\UL@box=\box104
\UL@hyphenbox=\box105
\UL@skip=\skip110
\UL@hook=\toks30
\UL@height=\dimen190
\UL@pe=\count324
\UL@pixel=\dimen191
\ULC@box=\box106
Package: ulem 2019/11/18
\ULdepth=\dimen192
) (/usr/local/texlive/2026basic/texmf-dist/tex/latex/hyperref/hyperref.sty
Package: hyperref 2026-06-17 v7.01r Hypertext links for LaTeX
 (/usr/local/texlive/2026basic/texmf-dist/tex/generic/kvdefinekeys/kvdefinekeys.sty
Package: kvdefinekeys 2019-12-19 v1.6 Define keys (HO)
) (/usr/local/texlive/2026basic/texmf-dist/tex/generic/pdfescape/pdfescape.sty
Package: pdfescape 2019/12/09 v1.15 Implements pdfTeX's escape features (HO)
 (/usr/local/texlive/2026basic/texmf-dist/tex/generic/pdftexcmds/pdftexcmds.sty
Package: pdftexcmds 2020-06-27 v0.33 Utility functions of pdfTeX for LuaTeX (HO)
 (/usr/local/texlive/2026basic/texmf-dist/tex/generic/infwarerr/infwarerr.sty
Package: infwarerr 2019/12/03 v1.5 Providing info/warning/error messages (HO)
)
Package pdftexcmds Info: \pdf@primitive is available.
Package pdftexcmds Info: \pdf@ifprimitive is available.
Package pdftexcmds Info: \pdfdraftmode found.
)) (/usr/local/texlive/2026basic/texmf-dist/tex/latex/hycolor/hycolor.sty
Package: hycolor 2020-01-27 v1.10 Color options for hyperref/bookmark (HO)
) (/usr/local/texlive/2026basic/texmf-dist/tex/latex/hyperref/nameref.sty
Package: nameref 2026-01-29 v2.58 Cross-referencing by name of section
 (/usr/local/texlive/2026basic/texmf-dist/tex/latex/refcount/refcount.sty
Package: refcount 2019/12/15 v3.6 Data extraction from label references (HO)
) (/usr/local/texlive/2026basic/texmf-dist/tex/generic/gettitlestring/gettitlestring.sty
Package: gettitlestring 2019/12/15 v1.6 Cleanup title references (HO)
)
\c@section@level=\count325
) (/usr/local/texlive/2026basic/texmf-dist/tex/generic/stringenc/stringenc.sty
Package: stringenc 2019/11/29 v1.12 Convert strings between diff. encodings (HO)
)
\@linkdim=\dimen193
\Hy@linkcounter=\count326
\Hy@pagecounter=\count327
 (/usr/local/texlive/2026basic/texmf-dist/tex/latex/hyperref/pd1enc.def
File: pd1enc.def 2026-06-17 v7.01r Hyperref: PDFDocEncoding definition (HO)
Now handling font encoding PD1 ...
... no UTF-8 mapping file for font encoding PD1
) (/usr/local/texlive/2026basic/texmf-dist/tex/generic/intcalc/intcalc.sty
Package: intcalc 2019/12/15 v1.3 Expandable calculations with integers (HO)
)
\Hy@SavedSpaceFactor=\count328
 (/usr/local/texlive/2026basic/texmf-dist/tex/latex/hyperref/puenc.def
File: puenc.def 2026-06-17 v7.01r Hyperref: PDF Unicode definition (HO)
Now handling font encoding PU ...
... no UTF-8 mapping file for font encoding PU
)
Package hyperref Info: Hyper figures OFF on input line 4199.
Package hyperref Info: Link nesting OFF on input line 4204.
Package hyperref Info: Hyper index ON on input line 4207.
Package hyperref Info: Plain pages OFF on input line 4214.
Package hyperref Info: Backreferencing OFF on input line 4219.
Package hyperref Info: Implicit mode ON; LaTeX internals redefined.
Package hyperref Info: Bookmarks ON on input line 4466.
\c@Hy@tempcnt=\count329
 (/usr/local/texlive/2026basic/texmf-dist/tex/latex/url/url.sty
\Urlmuskip=\muskip18
Package: url 2013/09/16  ver 3.4  Verb mode for urls, etc.
)
LaTeX Info: Redefining \url on input line 4805.
\XeTeXLinkMargin=\dimen194
 (/usr/local/texlive/2026basic/texmf-dist/tex/generic/bitset/bitset.sty
Package: bitset 2019/12/09 v1.3 Handle bit-vector datatype (HO)
 (/usr/local/texlive/2026basic/texmf-dist/tex/generic/bigintcalc/bigintcalc.sty
Package: bigintcalc 2019/12/15 v1.5 Expandable calculations on big integers (HO)
))
\Fld@menulength=\count330
\Field@Width=\dimen195
\Fld@charsize=\dimen196
Package hyperref Info: Hyper figures OFF on input line 6091.
Package hyperref Info: Link nesting OFF on input line 6096.
Package hyperref Info: Hyper index ON on input line 6099.
Package hyperref Info: backreferencing OFF on input line 6106.
Package hyperref Info: Link coloring OFF on input line 6111.
Package hyperref Info: Link coloring with OCG OFF on input line 6116.
Package hyperref Info: PDF/A mode OFF on input line 6121.
\Hy@abspage=\count331
\c@Item=\count332
\c@Hfootnote=\count333
)
Package hyperref Info: Driver (autodetected): hpdftex.
 (/usr/local/texlive/2026basic/texmf-dist/tex/latex/hyperref/hpdftex.def
File: hpdftex.def 2026-06-17 v7.01r Hyperref driver for pdfTeX
\Fld@listcount=\count334
\c@bookmark@seq@number=\count335
 (/usr/local/texlive/2026basic/texmf-dist/tex/latex/rerunfilecheck/rerunfilecheck.sty
Package: rerunfilecheck 2025-06-21 v1.11 Rerun checks for auxiliary files (HO)
 (/usr/local/texlive/2026basic/texmf-dist/tex/generic/uniquecounter/uniquecounter.sty
Package: uniquecounter 2019/12/15 v1.4 Provide unlimited unique counter (HO)
)
Package uniquecounter Info: New unique counter `rerunfilecheck' on input line 284.
)
\Hy@SectionHShift=\skip111
)
\hdrmark=\marks4
 (/usr/local/texlive/2026basic/texmf-dist/tex/latex/listings/lstlang1.sty
File: lstlang1.sty 2025/11/14 1.11b listings language file
) (/usr/local/texlive/2026basic/texmf-dist/tex/latex/listings/lstlang1.sty
File: lstlang1.sty 2025/11/14 1.11b listings language file
) (/usr/local/texlive/2026basic/texmf-dist/tex/latex/listings/lstmisc.sty
File: lstmisc.sty 2025/11/14 1.11b (Carsten Heinz)
)) (/usr/local/texlive/2026basic/texmf-dist/tex/latex/l3backend/l3backend-pdftex.def
File: l3backend-pdftex.def 2026-02-18 L3 backend support: PDF output (pdfTeX)
\l__color_backend_stack_int=\count336
) (build//kactl.aux)
\openout1 = `kactl.aux'.

LaTeX Font Info:    Checking defaults for OML/cmm/m/it on input line 13.
LaTeX Font Info:    ... okay on input line 13.
LaTeX Font Info:    Checking defaults for OMS/cmsy/m/n on input line 13.
LaTeX Font Info:    ... okay on input line 13.
LaTeX Font Info:    Checking defaults for OT1/cmr/m/n on input line 13.
LaTeX Font Info:    ... okay on input line 13.
LaTeX Font Info:    Checking defaults for T1/cmr/m/n on input line 13.
LaTeX Font Info:    ... okay on input line 13.
LaTeX Font Info:    Checking defaults for TS1/cmr/m/n on input line 13.
LaTeX Font Info:    ... okay on input line 13.
LaTeX Font Info:    Checking defaults for OMX/cmex/m/n on input line 13.
LaTeX Font Info:    ... okay on input line 13.
LaTeX Font Info:    Checking defaults for U/cmr/m/n on input line 13.
LaTeX Font Info:    ... okay on input line 13.
LaTeX Font Info:    Checking defaults for PD1/pdf/m/n on input line 13.
LaTeX Font Info:    ... okay on input line 13.
LaTeX Font Info:    Checking defaults for PU/pdf/m/n on input line 13.
LaTeX Font Info:    ... okay on input line 13.
\c@lstlisting=\count337

*geometry* driver: auto-detecting
*geometry* detected driver: pdftex
*geometry* verbose mode - [ preamble ] result:
* driver: pdftex
* paper: a4paper
* layout: <same size as paper>
* layoutoffset:(h,v)=(0.0pt,0.0pt)
* modes: landscape 
* h-part:(L,W,R)=(14.22636pt, 816.59412pt, 14.22636pt)
* v-part:(T,H,B)=(28.45274pt, 557.67421pt, 11.38092pt)
* \paperwidth=845.04684pt
* \paperheight=597.50787pt
* \textwidth=816.59412pt
* \textheight=557.67421pt
* \oddsidemargin=-58.04362pt
* \evensidemargin=-58.04362pt
* \topmargin=-80.81725pt
* \headheight=25.0pt
* \headsep=5.0pt
* \topskip=9.0pt
* \footskip=30.0pt
* \marginparwidth=65.0pt
* \marginparsep=10.0pt
* \columnsep=10.0pt
* \skip\footins=8.0pt plus 4.0pt minus 2.0pt
* \hoffset=0.0pt
* \voffset=0.0pt
* \mag=1000
* \@twocolumnfalse
* \@twosidefalse
* \@mparswitchfalse
* \@reversemarginfalse
* (1in=72.27pt=25.4mm, 1cm=28.453pt)

(/usr/local/texlive/2026basic/texmf-dist/tex/context/base/mkii/supp-pdf.mkii
[Loading MPS to PDF converter (version 2006.09.02).]
\scratchcounter=\count338
\scratchdimen=\dimen197
\scratchbox=\box107
\nofMPsegments=\count339
\nofMParguments=\count340
\everyMPshowfont=\toks31
\MPscratchCnt=\count341
\MPscratchDim=\dimen198
\MPnumerator=\count342
\makeMPintoPDFobject=\count343
\everyMPtoPDFconversion=\toks32
) (/usr/local/texlive/2026basic/texmf-dist/tex/latex/epstopdf-pkg/epstopdf-base.sty
Package: epstopdf-base 2020-01-24 v2.11 Base part for package epstopdf
Package epstopdf-base Info: Redefining graphics rule for `.eps' on input line 485.
 (/usr/local/texlive/2026basic/texmf-dist/tex/latex/latexconfig/epstopdf-sys.cfg
File: epstopdf-sys.cfg 2010/07/13 v1.3 Configuration of (r)epstopdf for TeX Live
))
Package hyperref Info: Link coloring OFF on input line 13.
 (build//kactl.out) (build//kactl.out)
\@outlinefile=\write3
\openout3 = `kactl.out'.

runsystem(rm -f build/header.tmp)...executed.

<bracu.pdf, id=48, 652.06018pt x 598.2652pt>
File: bracu.pdf Graphic file (type pdf)
<use bracu.pdf>
Package pdftex.def Info: bracu.pdf  used on input line 14.
(pdftex.def)             Requested size: 85.35826pt x 78.3158pt.
 [0

{/Users/mtbishmam/Library/texlive/2026basic/texmf-var/fonts/map/pdftex/updmap/pdftex.map} <content/tex/bracu.pdf>] (build//kactl.toc
LaTeX Font Info:    Trying to load font information for U+msa on input line 1.
 (/usr/local/texlive/2026basic/texmf-dist/tex/latex/amsfonts/umsa.fd
File: umsa.fd 2013/01/14 v3.01 AMS symbols A
)
LaTeX Font Info:    Trying to load font information for U+msb on input line 1.
 (/usr/local/texlive/2026basic/texmf-dist/tex/latex/amsfonts/umsb.fd
File: umsb.fd 2013/01/14 v3.01 AMS symbols B
))
\tf@toc=\write4
\openout4 = `kactl.toc'.

 (./content/contest/chapter.tex
Chapter 1.
\c@ttl@toc@chapters=\count344
LaTeX Font Info:    Trying to load font information for OT1+pcr on input line 3.
(/usr/local/texlive/2026basic/texmf-dist/tex/latex/psnfss/ot1pcr.fd
File: ot1pcr.fd 2001/06/04 font definitions for OT1/pcr.
)
runsystem(rm -f build/kactl.tmp)...executed.

runsystem(python3 content/tex/preprocessor.py -i "content/contest/instructions.txt" -o build/kactl.tmp -l raw)...executed.

 (./build/kactl.tmp
Package hyperref Info: bookmark level for unknown lstlisting defaults to 0 on input line 3.
LaTeX Font Info:    Trying to load font information for TS1+pcr on input line 4.
 (/usr/local/texlive/2026basic/texmf-dist/tex/latex/psnfss/ts1pcr.fd
File: ts1pcr.fd 2001/06/04 font definitions for TS1/pcr.
)
LaTeX Font Info:    Trying to load font information for T1+pcr on input line 14.
 (/usr/local/texlive/2026basic/texmf-dist/tex/latex/psnfss/t1pcr.fd
File: t1pcr.fd 2001/06/04 font definitions for T1/pcr.
))
runsystem(rm -f build/kactl.tmp)...executed.

runsystem(python3 content/tex/preprocessor.py -i "content/contest/cf.sh" -o build/kactl.tmp -l sh)...executed.

 (./build/kactl.tmp (/usr/local/texlive/2026basic/texmf-dist/tex/latex/listings/lstlang1.sty
File: lstlang1.sty 2025/11/14 1.11b listings language file
) (/usr/local/texlive/2026basic/texmf-dist/tex/latex/listings/lstlang1.sty
File: lstlang1.sty 2025/11/14 1.11b listings language file
))
runsystem(rm -f build/kactl.tmp)...executed.

runsystem(python3 content/tex/preprocessor.py -i "content/contest/hash.sh" -o build/kactl.tmp -l raw)...executed.

 (./build/kactl.tmp)
runsystem(rm -f build/kactl.tmp)...executed.

runsystem(python3 content/tex/preprocessor.py -i "content/contest/stdc++.h" -o build/kactl.tmp )...executed.

 (./build/kactl.tmp)
runsystem(rm -f build/kactl.tmp)...executed.

runsystem(python3 content/tex/preprocessor.py -i "content/contest/template.cpp" -o build/kactl.tmp )...executed.

 (./build/kactl.tmp
LaTeX Font Info:    Trying to load font information for OML+cmr on input line 7.
 (/usr/local/texlive/2026basic/texmf-dist/tex/latex/base/omlcmr.fd
File: omlcmr.fd 2024/11/19 v2.5n Standard LaTeX font definitions
)
LaTeX Font Info:    Font shape `OML/cmr/m/it' in size <7> not available
(Font)              Font shape `OML/cmm/m/it' tried instead on input line 7.
)
runsystem(rm -f build/kactl.tmp)...executed.

runsystem(python3 content/tex/preprocessor.py -i "content/contest/stress.sh" -o build/kactl.tmp -l sh)...executed.

 (./build/kactl.tmp)
runsystem(rm -f build/kactl.tmp)...executed.

runsystem(python3 content/tex/preprocessor.py -i "content/contest/rte.sh" -o build/kactl.tmp -l sh)...executed.

 (./build/kactl.tmp)
runsystem(rm -f build/kactl.tmp)...executed.

runsystem(python3 content/tex/preprocessor.py -i "content/contest/cf.bat" -o build/kactl.tmp -l raw)...executed.

 (./build/kactl.tmp)
runsystem(rm -f build/kactl.tmp)...executed.

runsystem(python3 content/tex/preprocessor.py -i "content/contest/stress.bat" -o build/kactl.tmp -l raw)...executed.

 (./build/kactl.tmp)) (./content/math/chapter.tex
Chapter 2.

Overfull \hbox (3.26707pt too wide) detected at line 10
[]
 []


Overfull \hbox (30.0pt too wide) in paragraph at lines 10--10
[]  
 []

[1

{/usr/local/texlive/2026basic/texmf-dist/fonts/enc/dvips/base/8r.enc}]
<content/math/sphericalCoordinates.pdf, id=248, 42.67899pt x 42.67899pt>
File: content/math/sphericalCoordinates.pdf Graphic file (type pdf)
<use content/math/sphericalCoordinates.pdf>
Package pdftex.def Info: content/math/sphericalCoordinates.pdf  used on input line 76.
(pdftex.def)             Requested size: 71.13188pt x 71.14337pt.

Overfull \hbox (9.85384pt too wide) detected at line 91
[]
 []


Overfull \hbox (30.0pt too wide) in paragraph at lines 91--91
[]  
 []


Overfull \hbox (5.30482pt too wide) detected at line 99
[]
 []


Overfull \hbox (30.0pt too wide) in paragraph at lines 99--99
[]  
 []

runsystem(python3 content/tex/preprocessor.py --print-header "|stress.bat" -o build/header2.tmp)...executed.

(./build/header2.tmp) [2 <./content/math/sphericalCoordinates.pdf>]) (./content/data-structures/chapter.tex
Chapter 3.
runsystem(rm -f build/kactl.tmp)...executed.

runsystem(python3 content/tex/preprocessor.py -i "content/data-structures/HashMap.h" -o build/kactl.tmp )...executed.

(./build/kactl.tmp)
runsystem(rm -f build/kactl.tmp)...executed.

runsystem(python3 content/tex/preprocessor.py -i "content/data-structures/segtree.h" -o build/kactl.tmp )...executed.

 (./build/kactl.tmp)
runsystem(rm -f build/kactl.tmp)...executed.

runsystem(python3 content/tex/preprocessor.py -i "content/data-structures/lazy_segtree.h" -o build/kactl.tmp )...executed.

 (./build/kactl.tmp)
runsystem(rm -f build/kactl.tmp)...executed.

runsystem(python3 content/tex/preprocessor.py -i "content/data-structures/dsu.h" -o build/kactl.tmp )...executed.

 (./build/kactl.tmp
LaTeX Font Info:    Font shape `T1/pcr/m/it' in size <7> not available
(Font)              Font shape `T1/pcr/m/sl' tried instead on input line 9.
)
runsystem(rm -f build/kactl.tmp)...executed.

runsystem(python3 content/tex/preprocessor.py -i "content/data-structures/LineContainer.h" -o build/kactl.tmp )...executed.

 (./build/kactl.tmp)
runsystem(rm -f build/kactl.tmp)...executed.

runsystem(python3 content/tex/preprocessor.py -i "content/data-structures/Lichao.h" -o build/kactl.tmp )...executed.

 (./build/kactl.tmp
runsystem(python3 content/tex/preprocessor.py --print-header "LineContainer.h|Lichao.h" -o build/header2.tmp)...executed.

 (./build/header2.tmp) [3])
runsystem(rm -f build/kactl.tmp)...executed.

runsystem(python3 content/tex/preprocessor.py -i "content/data-structures/Treap.h" -o build/kactl.tmp )...executed.

 (./build/kactl.tmp)
runsystem(rm -f build/kactl.tmp)...executed.

runsystem(python3 content/tex/preprocessor.py -i "content/data-structures/FenwickTree.h" -o build/kactl.tmp )...executed.

 (./build/kactl.tmp
Underfull \hbox (badness 10000) in paragraph at lines 7--7
\OT1/pcr/m/n/7 lower[]bound(sum): min pos st sum of [0, pos]
 []


Underfull \hbox (badness 10000) in paragraph at lines 7--7
\OML/cmm/m/it/7 >$\OT1/pcr/m/n/7 = sum, returns n if all $\OML/cmm/m/it/7 <$ \OT1/pcr/m/n/7 sum, or -1 if
 []

)
runsystem(rm -f build/kactl.tmp)...executed.

runsystem(python3 content/tex/preprocessor.py -i "content/data-structures/FenwickTreeRange.h" -o build/kactl.tmp )...executed.

 (./build/kactl.tmp)
runsystem(rm -f build/kactl.tmp)...executed.

runsystem(python3 content/tex/preprocessor.py -i "content/data-structures/FenwickTree2d.h" -o build/kactl.tmp )...executed.

 (./build/kactl.tmp)
runsystem(rm -f build/kactl.tmp)...executed.

runsystem(python3 content/tex/preprocessor.py -i "content/data-structures/RMQ.h" -o build/kactl.tmp )...executed.

 (./build/kactl.tmp)
runsystem(rm -f build/kactl.tmp)...executed.

runsystem(python3 content/tex/preprocessor.py -i "content/data-structures/MoTree.h" -o build/kactl.tmp )...executed.

 (./build/kactl.tmp)
runsystem(rm -f build/kactl.tmp)...executed.

runsystem(python3 content/tex/preprocessor.py -i "content/data-structures/MoUpdate.h" -o build/kactl.tmp )...executed.

 (./build/kactl.tmp)) (./content/numerical/chapter.tex
Chapter 4.
runsystem(rm -f build/kactl.tmp)...executed.

runsystem(python3 content/tex/preprocessor.py -i "content/numerical/BerlekampMassey.h" -o build/kactl.tmp )...executed.

(./build/kactl.tmp
LaTeX Font Info:    Trying to load font information for OMS+pcr on input line 11.
 (/usr/local/texlive/2026basic/texmf-dist/tex/latex/psnfss/omspcr.fd
File: omspcr.fd 
)
LaTeX Font Info:    Font shape `OMS/pcr/m/n' in size <7> not available
(Font)              Font shape `OMS/cmsy/m/n' tried instead on input line 11.
runsystem(python3 content/tex/preprocessor.py --print-header "BerlekampMassey.h|BerlekampMassey.h" -o build/header2.tmp)...executed.

 (./build/header2.tmp) [4])
runsystem(rm -f build/kactl.tmp)...executed.

runsystem(python3 content/tex/preprocessor.py -i "content/numerical/LinearRecurrence.h" -o build/kactl.tmp )...executed.

 (./build/kactl.tmp
Underfull \hbox (badness 10000) in paragraph at lines 10--10
\OT1/cmr/bx/n/7 Usage: \OT1/pcr/m/n/7 linearRec(\OMS/cmsy/m/n/7 f\OT1/pcr/m/n/7 0, 1\OMS/cmsy/m/n/7 g\OT1/pcr/m/n/7 , \OMS/cmsy/m/n/7 f\OT1/pcr/m/n/7 1, 1\OMS/cmsy/m/n/7 g\OT1/pcr/m/n/7 , k) // k'th
 []

)
runsystem(rm -f build/kactl.tmp)...executed.

runsystem(python3 content/tex/preprocessor.py -i "content/numerical/Polynomial.h" -o build/kactl.tmp )...executed.

 (./build/kactl.tmp)
runsystem(rm -f build/kactl.tmp)...executed.

runsystem(python3 content/tex/preprocessor.py -i "content/numerical/PolyRoots.h" -o build/kactl.tmp )...executed.

 (./build/kactl.tmp)
runsystem(rm -f build/kactl.tmp)...executed.

runsystem(python3 content/tex/preprocessor.py -i "content/numerical/PolyInterpolate.h" -o build/kactl.tmp )...executed.

 (./build/kactl.tmp)
runsystem(rm -f build/kactl.tmp)...executed.

runsystem(python3 content/tex/preprocessor.py -i "content/numerical/FastFourierTransform.h" -o build/kactl.tmp )...executed.

 (./build/kactl.tmp
runsystem(python3 content/tex/preprocessor.py --print-header "FastFourierTransform.h|FastFourierTransform.h" -o build/header2.tmp)...executed.

 (./build/header2.tmp) [5])
runsystem(rm -f build/kactl.tmp)...executed.

runsystem(python3 content/tex/preprocessor.py -i "content/numerical/FastFourierTransformMod.h" -o build/kactl.tmp )...executed.

 (./build/kactl.tmp)
runsystem(rm -f build/kactl.tmp)...executed.

runsystem(python3 content/tex/preprocessor.py -i "content/numerical/NumberTheoreticTransform.h" -o build/kactl.tmp )...executed.

 (./build/kactl.tmp)
runsystem(rm -f build/kactl.tmp)...executed.

runsystem(python3 content/tex/preprocessor.py -i "content/numerical/FastSubsetTransform.h" -o build/kactl.tmp )...executed.

 (./build/kactl.tmp)
runsystem(rm -f build/kactl.tmp)...executed.

runsystem(python3 content/tex/preprocessor.py -i "content/numerical/FastSubsetConvolution.h" -o build/kactl.tmp )...executed.

 (./build/kactl.tmp)
runsystem(rm -f build/kactl.tmp)...executed.

runsystem(python3 content/tex/preprocessor.py -i "content/numerical/GCDconvolution.h" -o build/kactl.tmp )...executed.

 (./build/kactl.tmp
LaTeX Font Info:    Trying to load font information for OMS+cmr on input line 11.
 (/usr/local/texlive/2026basic/texmf-dist/tex/latex/base/omscmr.fd
File: omscmr.fd 2024/11/19 v2.5n Standard LaTeX font definitions
)
LaTeX Font Info:    Font shape `OMS/cmr/m/it' in size <7> not available
(Font)              Font shape `OMS/cmsy/m/n' tried instead on input line 11.
)
runsystem(rm -f build/kactl.tmp)...executed.

runsystem(python3 content/tex/preprocessor.py -i "content/numerical/LCMconvolution.h" -o build/kactl.tmp )...executed.

 (./build/kactl.tmp)
runsystem(rm -f build/kactl.tmp)...executed.

runsystem(python3 content/tex/preprocessor.py -i "content/numerical/Matrix.h" -o build/kactl.tmp )...executed.

 (./build/kactl.tmp
runsystem(python3 content/tex/preprocessor.py --print-header "Matrix.h|Matrix.h" -o build/header2.tmp)...executed.

 (./build/header2.tmp) [6])
runsystem(rm -f build/kactl.tmp)...executed.

runsystem(python3 content/tex/preprocessor.py -i "content/numerical/Determinant.h" -o build/kactl.tmp )...executed.

 (./build/kactl.tmp)
runsystem(rm -f build/kactl.tmp)...executed.

runsystem(python3 content/tex/preprocessor.py -i "content/numerical/IntDeterminant.h" -o build/kactl.tmp )...executed.

 (./build/kactl.tmp)
runsystem(rm -f build/kactl.tmp)...executed.

runsystem(python3 content/tex/preprocessor.py -i "content/numerical/SolveLinear.h" -o build/kactl.tmp )...executed.

 (./build/kactl.tmp)
runsystem(rm -f build/kactl.tmp)...executed.

runsystem(python3 content/tex/preprocessor.py -i "content/numerical/SolveLinear2.h" -o build/kactl.tmp )...executed.

 (./build/kactl.tmp)
runsystem(rm -f build/kactl.tmp)...executed.

runsystem(python3 content/tex/preprocessor.py -i "content/numerical/SolveLinearBinary.h" -o build/kactl.tmp )...executed.

 (./build/kactl.tmp)
runsystem(rm -f build/kactl.tmp)...executed.

runsystem(python3 content/tex/preprocessor.py -i "content/numerical/XorBasis.h" -o build/kactl.tmp )...executed.

 (./build/kactl.tmp)
runsystem(rm -f build/kactl.tmp)...executed.

runsystem(python3 content/tex/preprocessor.py -i "content/numerical/MatrixInverse.h" -o build/kactl.tmp )...executed.

 (./build/kactl.tmp)
runsystem(rm -f build/kactl.tmp)...executed.

runsystem(python3 content/tex/preprocessor.py -i "content/numerical/Tridiagonal.h" -o build/kactl.tmp )...executed.

 (./build/kactl.tmp
<content/numerical/tridiagonal.png, id=1098, 433.62pt x 150.5625pt>
File: content/numerical/tridiagonal.png Graphic file (type png)
<use content/numerical/tridiagonal.png>
Package pdftex.def Info: content/numerical/tridiagonal.png  used on input line 17.
(pdftex.def)             Requested size: 173.44492pt x 60.22392pt.

Underfull \hbox (badness 10000) in paragraph at lines 17--17
\OT1/cmr/bx/n/7 Description: $\OML/cmm/m/it/7 x \OT1/cmr/m/n/7 = [](\OML/cmm/m/it/7 d; p; q; b\OT1/cmr/m/n/7 )$
 []


Underfull \hbox (badness 10000) in paragraph at lines 17--17
\OT1/cmr/m/n/7 solves the equa-tion sys-tem
 []


Underfull \hbox (badness 10000) in paragraph at lines 17--17
[]
 []


Overfull \hbox (11.30367pt too wide) detected at line 17
[]
 []

runsystem(python3 content/tex/preprocessor.py --print-header "Tridiagonal.h|Tridiagonal.h" -o build/header2.tmp)...executed.

(./build/header2.tmp) [7 <./content/numerical/tridiagonal.png (PNG copy)>])
runsystem(rm -f build/kactl.tmp)...executed.

runsystem(python3 content/tex/preprocessor.py -i "content/numerical/GoldenSectionSearch.h" -o build/kactl.tmp )...executed.

 (./build/kactl.tmp
Underfull \hbox (badness 10000) in paragraph at lines 11--11
\OT1/cmr/bx/n/7 Usage: \OT1/pcr/m/n/7 double func(double x) \OMS/cmsy/m/n/7 f \OT1/pcr/m/n/7 return
 []

)
runsystem(rm -f build/kactl.tmp)...executed.

runsystem(python3 content/tex/preprocessor.py -i "content/numerical/HillClimbing.h" -o build/kactl.tmp )...executed.

 (./build/kactl.tmp)
runsystem(rm -f build/kactl.tmp)...executed.

runsystem(python3 content/tex/preprocessor.py -i "content/numerical/Integrate.h" -o build/kactl.tmp )...executed.

 (./build/kactl.tmp)
runsystem(rm -f build/kactl.tmp)...executed.

runsystem(python3 content/tex/preprocessor.py -i "content/numerical/IntegrateAdaptive.h" -o build/kactl.tmp )...executed.

 (./build/kactl.tmp
Underfull \hbox (badness 10000) in paragraph at lines 8--8
\OT1/cmr/bx/n/7 Usage: \OT1/pcr/m/n/7 double sphereVolume = quad(-1, 1,
 []

)
runsystem(rm -f build/kactl.tmp)...executed.

runsystem(python3 content/tex/preprocessor.py -i "content/numerical/Simplex.h" -o build/kactl.tmp )...executed.

 (./build/kactl.tmp)) (./content/number-theory/chapter.tex
Chapter 5.
runsystem(rm -f build/kactl.tmp)...executed.

runsystem(python3 content/tex/preprocessor.py -i "content/number-theory/mint.h" -o build/kactl.tmp )...executed.

(./build/kactl.tmp)
runsystem(rm -f build/kactl.tmp)...executed.

runsystem(python3 content/tex/preprocessor.py -i "content/number-theory/combi.h" -o build/kactl.tmp )...executed.

 (./build/kactl.tmp)
runsystem(rm -f build/kactl.tmp)...executed.

runsystem(python3 content/tex/preprocessor.py -i "content/number-theory/ModInverse.h" -o build/kactl.tmp )...executed.

 (./build/kactl.tmp
runsystem(python3 content/tex/preprocessor.py --print-header "combi.h|ModInverse.h" -o build/header2.tmp)...executed.

 (./build/header2.tmp) [8])
runsystem(rm -f build/kactl.tmp)...executed.

runsystem(python3 content/tex/preprocessor.py -i "content/number-theory/ModPow.h" -o build/kactl.tmp )...executed.

 (./build/kactl.tmp)
runsystem(rm -f build/kactl.tmp)...executed.

runsystem(python3 content/tex/preprocessor.py -i "content/number-theory/ModLog.h" -o build/kactl.tmp )...executed.

 (./build/kactl.tmp)
runsystem(rm -f build/kactl.tmp)...executed.

runsystem(python3 content/tex/preprocessor.py -i "content/number-theory/ModSum.h" -o build/kactl.tmp )...executed.

 (./build/kactl.tmp)
runsystem(rm -f build/kactl.tmp)...executed.

runsystem(python3 content/tex/preprocessor.py -i "content/number-theory/ModMulLL.h" -o build/kactl.tmp )...executed.

 (./build/kactl.tmp)
runsystem(rm -f build/kactl.tmp)...executed.

runsystem(python3 content/tex/preprocessor.py -i "content/number-theory/ModSqrt.h" -o build/kactl.tmp )...executed.

 (./build/kactl.tmp)
runsystem(rm -f build/kactl.tmp)...executed.

runsystem(python3 content/tex/preprocessor.py -i "content/number-theory/LinearSieve.h" -o build/kactl.tmp )...executed.

 (./build/kactl.tmp)
runsystem(rm -f build/kactl.tmp)...executed.

runsystem(python3 content/tex/preprocessor.py -i "content/number-theory/phiFunction.h" -o build/kactl.tmp )...executed.

 (./build/kactl.tmp)
runsystem(rm -f build/kactl.tmp)...executed.

runsystem(python3 content/tex/preprocessor.py -i "content/number-theory/FastEratosthenes.h" -o build/kactl.tmp )...executed.

 (./build/kactl.tmp)
runsystem(rm -f build/kactl.tmp)...executed.

runsystem(python3 content/tex/preprocessor.py -i "content/number-theory/MillerRabin.h" -o build/kactl.tmp )...executed.

 (./build/kactl.tmp)
runsystem(rm -f build/kactl.tmp)...executed.

runsystem(python3 content/tex/preprocessor.py -i "content/number-theory/Factor.h" -o build/kactl.tmp )...executed.

 (./build/kactl.tmp
LaTeX Font Info:    Font shape `OMS/cmr/m/n' in size <7> not available
(Font)              Font shape `OMS/cmsy/m/n' tried instead on input line 7.
)
runsystem(rm -f build/kactl.tmp)...executed.

runsystem(python3 content/tex/preprocessor.py -i "content/number-theory/CRT.h" -o build/kactl.tmp )...executed.

 (./build/kactl.tmp)
runsystem(python3 content/tex/preprocessor.py --print-header "CRT.h|CRT.h" -o build/header2.tmp)...executed.

 (./build/header2.tmp) [9]
runsystem(rm -f build/kactl.tmp)...executed.

runsystem(python3 content/tex/preprocessor.py -i "content/number-theory/FracBinarySearch.h" -o build/kactl.tmp )...executed.

 (./build/kactl.tmp)) (./content/combinatorial/chapter.tex
Chapter 6.
runsystem(rm -f build/kactl.tmp)...executed.

runsystem(python3 content/tex/preprocessor.py -i "content/combinatorial/IntPerm.h" -o build/kactl.tmp )...executed.

(./build/kactl.tmp)
runsystem(rm -f build/kactl.tmp)...executed.

runsystem(python3 content/tex/preprocessor.py -i "content/combinatorial/multinomial.h" -o build/kactl.tmp )...executed.

 (./build/kactl.tmp)
Overfull \hbox (17.11388pt too wide) in paragraph at lines 27--29
[]$ 
 []

) (./content/graph/chapter.tex
Chapter 7.
runsystem(rm -f build/kactl.tmp)...executed.

runsystem(python3 content/tex/preprocessor.py -i "content/graph/BellmanFord.h" -o build/kactl.tmp )...executed.

(./build/kactl.tmp)
runsystem(python3 content/tex/preprocessor.py --print-header "BellmanFord.h|BellmanFord.h" -o build/header2.tmp)...executed.

 (./build/header2.tmp) [10]
runsystem(rm -f build/kactl.tmp)...executed.

runsystem(python3 content/tex/preprocessor.py -i "content/graph/FloydWarshall.h" -o build/kactl.tmp )...executed.

 (./build/kactl.tmp)
runsystem(rm -f build/kactl.tmp)...executed.

runsystem(python3 content/tex/preprocessor.py -i "content/graph/Johnson.h" -o build/kactl.tmp )...executed.

 (./build/kactl.tmp)
runsystem(rm -f build/kactl.tmp)...executed.

runsystem(python3 content/tex/preprocessor.py -i "content/graph/Dinic.h" -o build/kactl.tmp )...executed.

 (./build/kactl.tmp
Underfull \hbox (badness 10000) in paragraph at lines 5--5
\OT1/cmr/bx/n/7 Time: $\OMS/cmsy/m/n/7 O []$ \OT1/cmr/m/n/7 where $\OML/cmm/m/it/7 U \OT1/cmr/m/n/7 = [] \OMS/cmsy/m/n/7 j[]j$\OT1/cmr/m/n/7 .
 []

)
runsystem(rm -f build/kactl.tmp)...executed.

runsystem(python3 content/tex/preprocessor.py -i "content/graph/PushRelabel.h" -o build/kactl.tmp )...executed.

 (./build/kactl.tmp)
runsystem(rm -f build/kactl.tmp)...executed.

runsystem(python3 content/tex/preprocessor.py -i "content/graph/MinCostMaxFlow.h" -o build/kactl.tmp )...executed.

 (./build/kactl.tmp)
runsystem(rm -f build/kactl.tmp)...executed.

runsystem(python3 content/tex/preprocessor.py -i "content/graph/MinCut.h" -o build/kactl.tmp )...executed.

 (./build/kactl.tmp)
runsystem(rm -f build/kactl.tmp)...executed.

runsystem(python3 content/tex/preprocessor.py -i "content/graph/GlobalMinCut.h" -o build/kactl.tmp )...executed.

 (./build/kactl.tmp)
runsystem(rm -f build/kactl.tmp)...executed.

runsystem(python3 content/tex/preprocessor.py -i "content/graph/GomoryHu.h" -o build/kactl.tmp )...executed.

 (./build/kactl.tmp
runsystem(python3 content/tex/preprocessor.py --print-header "GomoryHu.h|GomoryHu.h" -o build/header2.tmp)...executed.

 (./build/header2.tmp) [11])
runsystem(rm -f build/kactl.tmp)...executed.

runsystem(python3 content/tex/preprocessor.py -i "content/graph/HopcroftKarp.h" -o build/kactl.tmp )...executed.

 (./build/kactl.tmp)
runsystem(rm -f build/kactl.tmp)...executed.

runsystem(python3 content/tex/preprocessor.py -i "content/graph/MinimumVertexCover.h" -o build/kactl.tmp )...executed.

 (./build/kactl.tmp)
runsystem(rm -f build/kactl.tmp)...executed.

runsystem(python3 content/tex/preprocessor.py -i "content/graph/WeightedMatching.h" -o build/kactl.tmp )...executed.

 (./build/kactl.tmp)
runsystem(rm -f build/kactl.tmp)...executed.

runsystem(python3 content/tex/preprocessor.py -i "content/graph/GeneralMatching.h" -o build/kactl.tmp )...executed.

 (./build/kactl.tmp)
runsystem(rm -f build/kactl.tmp)...executed.

runsystem(python3 content/tex/preprocessor.py -i "content/graph/SCC.h" -o build/kactl.tmp )...executed.

 (./build/kactl.tmp
Underfull \hbox (badness 10000) in paragraph at lines 11--11
\OT1/pcr/m/n/7 in reverse topological order. comp[i] holds
 []


Underfull \hbox (badness 10000) in paragraph at lines 11--11
\OT1/pcr/m/n/7 index of a node (a component only has edges to
 []


Underfull \hbox (badness 10000) in paragraph at lines 11--11
\OT1/pcr/m/n/7 lower index). ncomps will contain the number
 []

)
runsystem(rm -f build/kactl.tmp)...executed.

runsystem(python3 content/tex/preprocessor.py -i "content/graph/BiconnectedComponents.h" -o build/kactl.tmp )...executed.

 (./build/kactl.tmp
runsystem(python3 content/tex/preprocessor.py --print-header "BiconnectedComponents.h|BiconnectedComponents.h" -o build/header2.tmp)...executed.

 (./build/header2.tmp) [12])
runsystem(rm -f build/kactl.tmp)...executed.

runsystem(python3 content/tex/preprocessor.py -i "content/graph/BlockCutTree.h" -o build/kactl.tmp )...executed.

 (./build/kactl.tmp
Underfull \hbox (badness 10000) in paragraph at lines 8--8
\OT1/pcr/m/n/7 labels are for blocks. Resets: art, g[1,n],
 []

)
runsystem(rm -f build/kactl.tmp)...executed.

runsystem(python3 content/tex/preprocessor.py -i "content/graph/2sat.h" -o build/kactl.tmp )...executed.

 (./build/kactl.tmp
Underfull \hbox (badness 10000) in paragraph at lines 14--14
\OT1/pcr/m/n/7 ts.either(0, []3); // Var 0 is true or var 3 is
 []


Underfull \hbox (badness 10000) in paragraph at lines 14--14
\OT1/pcr/m/n/7 ts.atMostOne(\OMS/cmsy/m/n/7 f\OT1/pcr/m/n/7 0,[]1,2\OMS/cmsy/m/n/7 g\OT1/pcr/m/n/7 ); // $\OML/cmm/m/it/7 <$\OT1/pcr/m/n/7 = 1 of vars 0, []1
 []


Underfull \hbox (badness 10000) in paragraph at lines 14--14
\OT1/pcr/m/n/7 ts.values[0..N-1] holds the assigned values to
 []

)
runsystem(rm -f build/kactl.tmp)...executed.

runsystem(python3 content/tex/preprocessor.py -i "content/graph/EulerWalk.h" -o build/kactl.tmp )...executed.

 (./build/kactl.tmp)
runsystem(rm -f build/kactl.tmp)...executed.

runsystem(python3 content/tex/preprocessor.py -i "content/graph/GrayCode.h" -o build/kactl.tmp )...executed.

 (./build/kactl.tmp)
runsystem(rm -f build/kactl.tmp)...executed.

runsystem(python3 content/tex/preprocessor.py -i "content/graph/EdgeColoring.h" -o build/kactl.tmp )...executed.

 (./build/kactl.tmp)
runsystem(rm -f build/kactl.tmp)...executed.

runsystem(python3 content/tex/preprocessor.py -i "content/graph/MaximalCliques.h" -o build/kactl.tmp )...executed.

 (./build/kactl.tmp)
runsystem(rm -f build/kactl.tmp)...executed.

runsystem(python3 content/tex/preprocessor.py -i "content/graph/MaximumClique.h" -o build/kactl.tmp )...executed.

 (./build/kactl.tmp
runsystem(python3 content/tex/preprocessor.py --print-header "MaximalCliques.h|MaximumClique.h" -o build/header2.tmp)...executed.

 (./build/header2.tmp) [13])
runsystem(rm -f build/kactl.tmp)...executed.

runsystem(python3 content/tex/preprocessor.py -i "content/graph/MaximumIndependentSet.h" -o build/kactl.tmp )...executed.

 (./build/kactl.tmp)
runsystem(rm -f build/kactl.tmp)...executed.

runsystem(python3 content/tex/preprocessor.py -i "content/graph/BinaryLifting.h" -o build/kactl.tmp )...executed.

 (./build/kactl.tmp)
runsystem(rm -f build/kactl.tmp)...executed.

runsystem(python3 content/tex/preprocessor.py -i "content/graph/LCA.h" -o build/kactl.tmp )...executed.

 (./build/kactl.tmp)
runsystem(rm -f build/kactl.tmp)...executed.

runsystem(python3 content/tex/preprocessor.py -i "content/graph/CompressTree.h" -o build/kactl.tmp )...executed.

 (./build/kactl.tmp)
runsystem(rm -f build/kactl.tmp)...executed.

runsystem(python3 content/tex/preprocessor.py -i "content/graph/HLD-easy.h" -o build/kactl.tmp )...executed.

 (./build/kactl.tmp
Underfull \hbox (badness 10000) in paragraph at lines 5--5
\OT1/pcr/m/n/7 call dfs[]sz(), then dfs[]hld(). Be careful
 []

)
runsystem(rm -f build/kactl.tmp)...executed.

runsystem(python3 content/tex/preprocessor.py -i "content/graph/HLD-ruhan.h" -o build/kactl.tmp )...executed.

 (./build/kactl.tmp)
runsystem(rm -f build/kactl.tmp)...executed.

runsystem(python3 content/tex/preprocessor.py -i "content/graph/LinkCutTree.h" -o build/kactl.tmp )...executed.

 (./build/kactl.tmp
runsystem(python3 content/tex/preprocessor.py --print-header "LinkCutTree.h|LinkCutTree.h" -o build/header2.tmp)...executed.

 (./build/header2.tmp) [14])
runsystem(rm -f build/kactl.tmp)...executed.

runsystem(python3 content/tex/preprocessor.py -i "content/graph/TreeBinarize.h" -o build/kactl.tmp )...executed.

 (./build/kactl.tmp
Underfull \hbox (badness 10000) in paragraph at lines 5--5
\OT1/pcr/m/n/7 create the tree. Then call binarize(1). Will
 []

)
runsystem(rm -f build/kactl.tmp)...executed.

runsystem(python3 content/tex/preprocessor.py -i "content/graph/CentroidDecomp.h" -o build/kactl.tmp )...executed.

 (./build/kactl.tmp
Underfull \hbox (badness 10000) in paragraph at lines 8--8
\OT1/cmr/bx/n/7 Usage: \OT1/pcr/m/n/7 Just call decompose(1). ctp[u] =
 []


Underfull \hbox (badness 10000) in paragraph at lines 8--8
\OT1/pcr/m/n/7 parent of u in ctree. cth[u] = height of u
 []


Underfull \hbox (badness 10000) in paragraph at lines 8--8
\OT1/pcr/m/n/7 root has height = 1. dist[u][h] = original
 []


Underfull \hbox (badness 10000) in paragraph at lines 8--8
\OT1/pcr/m/n/7 tree distance (u -$\OML/cmm/m/it/7 >$ \OT1/pcr/m/n/7 ctree ancestor of u at
 []

)) (./content/geometry/chapter.tex
Chapter 8.
runsystem(rm -f build/kactl.tmp)...executed.

runsystem(python3 content/tex/preprocessor.py -i "content/geometry/Point.h" -o build/kactl.tmp )...executed.

(./build/kactl.tmp)
runsystem(rm -f build/kactl.tmp)...executed.

runsystem(python3 content/tex/preprocessor.py -i "content/geometry/lineEquation.h" -o build/kactl.tmp )...executed.

 (./build/kactl.tmp)
runsystem(rm -f build/kactl.tmp)...executed.

runsystem(python3 content/tex/preprocessor.py -i "content/geometry/lineDistance.h" -o build/kactl.tmp )...executed.

 (./build/kactl.tmp
<content/geometry/lineDistance.pdf, id=2500, 42.67899pt x 42.67899pt>
File: content/geometry/lineDistance.pdf Graphic file (type pdf)
<use content/geometry/lineDistance.pdf>
Package pdftex.def Info: content/geometry/lineDistance.pdf  used on input line 11.
(pdftex.def)             Requested size: 42.67912pt x 42.68211pt.

Underfull \hbox (badness 10000) in paragraph at lines 11--11
[]
 []

)
runsystem(rm -f build/kactl.tmp)...executed.

runsystem(python3 content/tex/preprocessor.py -i "content/geometry/SegmentDistance.h" -o build/kactl.tmp )...executed.

 (./build/kactl.tmp
<content/geometry/SegmentDistance.pdf, id=2501, 42.67899pt x 42.67899pt>
File: content/geometry/SegmentDistance.pdf Graphic file (type pdf)
<use content/geometry/SegmentDistance.pdf>
Package pdftex.def Info: content/geometry/SegmentDistance.pdf  used on input line 14.
(pdftex.def)             Requested size: 42.67912pt x 42.68211pt.

Underfull \hbox (badness 10000) in paragraph at lines 14--14
[]
 []

runsystem(python3 content/tex/preprocessor.py --print-header "SegmentDistance.h|SegmentDistance.h" -o build/header2.tmp)...executed.

(./build/header2.tmp) [15 <./content/geometry/lineDistance.pdf> <./content/geometry/SegmentDistance.pdf>])
runsystem(rm -f build/kactl.tmp)...executed.

runsystem(python3 content/tex/preprocessor.py -i "content/geometry/SegmentIntersection.h" -o build/kactl.tmp )...executed.

 (./build/kactl.tmp
<content/geometry/SegmentIntersection.pdf, id=2771, 42.67899pt x 42.67899pt>
File: content/geometry/SegmentIntersection.pdf Graphic file (type pdf)
<use content/geometry/SegmentIntersection.pdf>
Package pdftex.def Info: content/geometry/SegmentIntersection.pdf  used on input line 17.
(pdftex.def)             Requested size: 42.67912pt x 42.68211pt.

Underfull \hbox (badness 10000) in paragraph at lines 17--17
[]
 []


Underfull \hbox (badness 10000) in paragraph at lines 17--17
\OT1/cmr/bx/n/7 Usage: \OT1/pcr/m/n/7 vector$\OML/cmm/m/it/7 <$\OT1/pcr/m/n/7 P$\OML/cmm/m/it/7 >$ \OT1/pcr/m/n/7 inter =
 []


Underfull \hbox (badness 10000) in paragraph at lines 17--17
\OT1/pcr/m/n/7 cout $\OML/cmm/m/it/7 <$$<$ \OT1/pcr/m/n/7 "segments intersect at " $\OML/cmm/m/it/7 <$$<$ \OT1/pcr/m/n/7 inter[0]
 []

)
runsystem(rm -f build/kactl.tmp)...executed.

runsystem(python3 content/tex/preprocessor.py -i "content/geometry/lineIntersection.h" -o build/kactl.tmp )...executed.

 (./build/kactl.tmp
<content/geometry/lineIntersection.pdf, id=2772, 42.67899pt x 42.67899pt>
File: content/geometry/lineIntersection.pdf Graphic file (type pdf)
<use content/geometry/lineIntersection.pdf>
Package pdftex.def Info: content/geometry/lineIntersection.pdf  used on input line 17.
(pdftex.def)             Requested size: 42.67912pt x 42.68211pt.

Underfull \hbox (badness 10000) in paragraph at lines 17--17
[]
 []


Underfull \hbox (badness 10000) in paragraph at lines 17--17
\OT1/pcr/m/n/7 cout $\OML/cmm/m/it/7 <$$<$ \OT1/pcr/m/n/7 "intersection point at " $\OML/cmm/m/it/7 <$$<$
 []

)
runsystem(rm -f build/kactl.tmp)...executed.

runsystem(python3 content/tex/preprocessor.py -i "content/geometry/sideOf.h" -o build/kactl.tmp )...executed.

 (./build/kactl.tmp)
runsystem(rm -f build/kactl.tmp)...executed.

runsystem(python3 content/tex/preprocessor.py -i "content/geometry/OnSegment.h" -o build/kactl.tmp )...executed.

 (./build/kactl.tmp)
runsystem(rm -f build/kactl.tmp)...executed.

runsystem(python3 content/tex/preprocessor.py -i "content/geometry/linearTransformation.h" -o build/kactl.tmp )...executed.

 (./build/kactl.tmp
<content/geometry/linearTransformation.pdf, id=2773, 42.67899pt x 42.67899pt>
File: content/geometry/linearTransformation.pdf Graphic file (type pdf)
<use content/geometry/linearTransformation.pdf>
Package pdftex.def Info: content/geometry/linearTransformation.pdf  used on input line 12.
(pdftex.def)             Requested size: 42.67912pt x 42.68211pt.

Underfull \hbox (badness 10000) in paragraph at lines 12--12
[]
 []

)
runsystem(rm -f build/kactl.tmp)...executed.

runsystem(python3 content/tex/preprocessor.py -i "content/geometry/LineProjectionReflection.h" -o build/kactl.tmp )...executed.

 (./build/kactl.tmp)
runsystem(rm -f build/kactl.tmp)...executed.

runsystem(python3 content/tex/preprocessor.py -i "content/geometry/Angle.h" -o build/kactl.tmp )...executed.

 (./build/kactl.tmp
Underfull \hbox (badness 10000) in paragraph at lines 9--9
\OT1/cmr/bx/n/7 Usage: \OT1/pcr/m/n/7 vector$\OML/cmm/m/it/7 <$\OT1/pcr/m/n/7 Angle$\OML/cmm/m/it/7 >$ \OT1/pcr/m/n/7 v = \OMS/cmsy/m/n/7 f\OT1/pcr/m/n/7 w[0], w[0].t360()
 []


Underfull \hbox (badness 10000) in paragraph at lines 9--9
\OT1/pcr/m/n/7 int j = 0; rep(i,0,n) \OMS/cmsy/m/n/7 f \OT1/pcr/m/n/7 while (v[j] $\OML/cmm/m/it/7 <$
 []


Underfull \hbox (badness 10000) in paragraph at lines 9--9
\OT1/pcr/m/n/7 // sweeps j such that (j-i) represents the
 []


Underfull \hbox (badness 10000) in paragraph at lines 9--9
\OT1/pcr/m/n/7 number of positively oriented triangles with
 []

)
runsystem(rm -f build/kactl.tmp)...executed.

runsystem(python3 content/tex/preprocessor.py -i "content/geometry/CircleIntersection.h" -o build/kactl.tmp )...executed.

 (./build/kactl.tmp)
runsystem(rm -f build/kactl.tmp)...executed.

runsystem(python3 content/tex/preprocessor.py -i "content/geometry/CircleTangents.h" -o build/kactl.tmp )...executed.

 (./build/kactl.tmp)
runsystem(rm -f build/kactl.tmp)...executed.

runsystem(python3 content/tex/preprocessor.py -i "content/geometry/CircleLine.h" -o build/kactl.tmp )...executed.

 (./build/kactl.tmp
runsystem(python3 content/tex/preprocessor.py --print-header "CircleTangents.h|CircleLine.h" -o build/header2.tmp)...executed.

 (./build/header2.tmp) [16 <./content/geometry/SegmentIntersection.pdf> <./content/geometry/lineIntersection.pdf> <./content/geometry/linearTransformation.pdf>])
runsystem(rm -f build/kactl.tmp)...executed.

runsystem(python3 content/tex/preprocessor.py -i "content/geometry/CirclePolygonIntersection.h" -o build/kactl.tmp )...executed.

 (./build/kactl.tmp)
runsystem(rm -f build/kactl.tmp)...executed.

runsystem(python3 content/tex/preprocessor.py -i "content/geometry/circumcircle.h" -o build/kactl.tmp )...executed.

 (./build/kactl.tmp
<content/geometry/circumcircle.pdf, id=2986, 42.67899pt x 42.67899pt>
File: content/geometry/circumcircle.pdf Graphic file (type pdf)
<use content/geometry/circumcircle.pdf>
Package pdftex.def Info: content/geometry/circumcircle.pdf  used on input line 11.
(pdftex.def)             Requested size: 42.67912pt x 42.68211pt.

Underfull \hbox (badness 10000) in paragraph at lines 11--11
[]
 []

)
runsystem(rm -f build/kactl.tmp)...executed.

runsystem(python3 content/tex/preprocessor.py -i "content/geometry/MinimumEnclosingCircle.h" -o build/kactl.tmp )...executed.

 (./build/kactl.tmp)
runsystem(rm -f build/kactl.tmp)...executed.

runsystem(python3 content/tex/preprocessor.py -i "content/geometry/InsidePolygon.h" -o build/kactl.tmp )...executed.

 (./build/kactl.tmp)
runsystem(rm -f build/kactl.tmp)...executed.

runsystem(python3 content/tex/preprocessor.py -i "content/geometry/PolygonArea.h" -o build/kactl.tmp )...executed.

 (./build/kactl.tmp)
runsystem(rm -f build/kactl.tmp)...executed.

runsystem(python3 content/tex/preprocessor.py -i "content/geometry/PolygonCenter.h" -o build/kactl.tmp )...executed.

 (./build/kactl.tmp)
runsystem(rm -f build/kactl.tmp)...executed.

runsystem(python3 content/tex/preprocessor.py -i "content/geometry/PolygonCut.h" -o build/kactl.tmp )...executed.

 (./build/kactl.tmp
<content/geometry/PolygonCut.pdf, id=2987, 42.67899pt x 42.67899pt>
File: content/geometry/PolygonCut.pdf Graphic file (type pdf)
<use content/geometry/PolygonCut.pdf>
Package pdftex.def Info: content/geometry/PolygonCut.pdf  used on input line 14.
(pdftex.def)             Requested size: 42.67912pt x 42.68211pt.

Underfull \hbox (badness 10000) in paragraph at lines 14--14
[]
 []

)
runsystem(rm -f build/kactl.tmp)...executed.

runsystem(python3 content/tex/preprocessor.py -i "content/geometry/PolygonUnion.h" -o build/kactl.tmp )...executed.

 (./build/kactl.tmp)
runsystem(rm -f build/kactl.tmp)...executed.

runsystem(python3 content/tex/preprocessor.py -i "content/geometry/ConvexHull.h" -o build/kactl.tmp )...executed.

 (./build/kactl.tmp
<content/geometry/ConvexHull.pdf, id=2988, 42.67899pt x 42.67899pt>
File: content/geometry/ConvexHull.pdf Graphic file (type pdf)
<use content/geometry/ConvexHull.pdf>
Package pdftex.def Info: content/geometry/ConvexHull.pdf  used on input line 12.
(pdftex.def)             Requested size: 42.67912pt x 42.68211pt.

Underfull \hbox (badness 10000) in paragraph at lines 12--12
[]
 []

runsystem(python3 content/tex/preprocessor.py --print-header "ConvexHull.h|ConvexHull.h" -o build/header2.tmp)...executed.

(./build/header2.tmp) [17 <./content/geometry/circumcircle.pdf> <./content/geometry/PolygonCut.pdf> <./content/geometry/ConvexHull.pdf>])
runsystem(rm -f build/kactl.tmp)...executed.

runsystem(python3 content/tex/preprocessor.py -i "content/geometry/HullDiameter.h" -o build/kactl.tmp )...executed.

 (./build/kactl.tmp)
runsystem(rm -f build/kactl.tmp)...executed.

runsystem(python3 content/tex/preprocessor.py -i "content/geometry/PointInsideHull.h" -o build/kactl.tmp )...executed.

 (./build/kactl.tmp)
runsystem(rm -f build/kactl.tmp)...executed.

runsystem(python3 content/tex/preprocessor.py -i "content/geometry/LineHullIntersection.h" -o build/kactl.tmp )...executed.

 (./build/kactl.tmp)
runsystem(rm -f build/kactl.tmp)...executed.

runsystem(python3 content/tex/preprocessor.py -i "content/geometry/minkowskiSum.h" -o build/kactl.tmp )...executed.

 (./build/kactl.tmp)
runsystem(rm -f build/kactl.tmp)...executed.

runsystem(python3 content/tex/preprocessor.py -i "content/geometry/ClosestPair.h" -o build/kactl.tmp )...executed.

 (./build/kactl.tmp)
runsystem(rm -f build/kactl.tmp)...executed.

runsystem(python3 content/tex/preprocessor.py -i "content/geometry/kdTree.h" -o build/kactl.tmp )...executed.

 (./build/kactl.tmp)
runsystem(python3 content/tex/preprocessor.py --print-header "kdTree.h|kdTree.h" -o build/header2.tmp)...executed.

 (./build/header2.tmp) [18]
runsystem(rm -f build/kactl.tmp)...executed.

runsystem(python3 content/tex/preprocessor.py -i "content/geometry/FastDelaunay.h" -o build/kactl.tmp )...executed.

 (./build/kactl.tmp)
runsystem(rm -f build/kactl.tmp)...executed.

runsystem(python3 content/tex/preprocessor.py -i "content/geometry/Voronoi.h" -o build/kactl.tmp )...executed.

 (./build/kactl.tmp)
runsystem(rm -f build/kactl.tmp)...executed.

runsystem(python3 content/tex/preprocessor.py -i "content/geometry/hplane-cpalg.h" -o build/kactl.tmp )...executed.

 (./build/kactl.tmp
runsystem(python3 content/tex/preprocessor.py --print-header "hplane-cpalg.h|hplane-cpalg.h" -o build/header2.tmp)...executed.

 (./build/header2.tmp) [19])
runsystem(rm -f build/kactl.tmp)...executed.

runsystem(python3 content/tex/preprocessor.py -i "content/geometry/PolyhedronVolume.h" -o build/kactl.tmp )...executed.

 (./build/kactl.tmp)
runsystem(rm -f build/kactl.tmp)...executed.

runsystem(python3 content/tex/preprocessor.py -i "content/geometry/Point3D.h" -o build/kactl.tmp )...executed.

 (./build/kactl.tmp)
runsystem(rm -f build/kactl.tmp)...executed.

runsystem(python3 content/tex/preprocessor.py -i "content/geometry/3dHull.h" -o build/kactl.tmp )...executed.

 (./build/kactl.tmp)
runsystem(rm -f build/kactl.tmp)...executed.

runsystem(python3 content/tex/preprocessor.py -i "content/geometry/sphericalDistance.h" -o build/kactl.tmp )...executed.

 (./build/kactl.tmp)
runsystem(rm -f build/kactl.tmp)...executed.

runsystem(python3 content/tex/preprocessor.py -i "content/geometry/warsawGeo3D.h" -o build/kactl.tmp )...executed.

 (./build/kactl.tmp
runsystem(python3 content/tex/preprocessor.py --print-header "warsawGeo3D.h|warsawGeo3D.h" -o build/header2.tmp)...executed.

 (./build/header2.tmp) [20]
runsystem(python3 content/tex/preprocessor.py --print-header "|warsawGeo3D.h" -o build/header2.tmp)...executed.

 (./build/header2.tmp) [21])) (./content/strings/chapter.tex
Chapter 9.
runsystem(rm -f build/kactl.tmp)...executed.

runsystem(python3 content/tex/preprocessor.py -i "content/strings/KMP.h" -o build/kactl.tmp )...executed.

(./build/kactl.tmp)
runsystem(rm -f build/kactl.tmp)...executed.

runsystem(python3 content/tex/preprocessor.py -i "content/strings/Zfunc.h" -o build/kactl.tmp )...executed.

 (./build/kactl.tmp)
runsystem(rm -f build/kactl.tmp)...executed.

runsystem(python3 content/tex/preprocessor.py -i "content/strings/Manacher.h" -o build/kactl.tmp )...executed.

 (./build/kactl.tmp)
<content/strings/EERTREE.png, id=4024, 350.30875pt x 490.83376pt>
File: content/strings/EERTREE.png Graphic file (type png)
<use content/strings/EERTREE.png>
Package pdftex.def Info: content/strings/EERTREE.png  used on input line 6.
(pdftex.def)             Requested size: 84.0758pt x 117.8025pt.
runsystem(rm -f build/kactl.tmp)...executed.

runsystem(python3 content/tex/preprocessor.py -i "content/strings/PalindromicTree.h" -o build/kactl.tmp )...executed.

 (./build/kactl.tmp
Underfull \hbox (badness 10000) in paragraph at lines 10--10
\OT1/cmr/bx/n/7 Usage: $\OML/cmm/m/it/7 S \OT1/cmr/m/n/7 :=$ \OT1/pcr/m/n/7 1-indexed string. append
 []


Underfull \hbox (badness 10000) in paragraph at lines 10--10
\OT1/pcr/m/n/7 After adding the ith character, ptr points to
 []


Underfull \hbox (badness 10000) in paragraph at lines 10--10
\OT1/pcr/m/n/7 the longest palindrome ending at $\OML/cmm/m/it/7 i$\OT1/pcr/m/n/7 . Change
 []

)
runsystem(rm -f build/kactl.tmp)...executed.

runsystem(python3 content/tex/preprocessor.py -i "content/strings/MinRotation.h" -o build/kactl.tmp )...executed.

 (./build/kactl.tmp
Underfull \hbox (badness 10000) in paragraph at lines 6--6
\OT1/cmr/bx/n/7 Usage: \OT1/pcr/m/n/7 rotate(v.begin(),
 []

)
runsystem(rm -f build/kactl.tmp)...executed.

runsystem(python3 content/tex/preprocessor.py -i "content/strings/SuffixArray.h" -o build/kactl.tmp )...executed.

 (./build/kactl.tmp
runsystem(python3 content/tex/preprocessor.py --print-header "SuffixArray.h|SuffixArray.h" -o build/header2.tmp)...executed.

 (./build/header2.tmp) [22 <./content/strings/EERTREE.png>])
runsystem(rm -f build/kactl.tmp)...executed.

runsystem(python3 content/tex/preprocessor.py -i "content/strings/SuffixTree.h" -o build/kactl.tmp )...executed.

 (./build/kactl.tmp)
runsystem(rm -f build/kactl.tmp)...executed.

runsystem(python3 content/tex/preprocessor.py -i "content/strings/Hashing.h" -o build/kactl.tmp )...executed.

 (./build/kactl.tmp)
runsystem(rm -f build/kactl.tmp)...executed.

runsystem(python3 content/tex/preprocessor.py -i "content/strings/HashingDynamic.h" -o build/kactl.tmp )...executed.

 (./build/kactl.tmp)
runsystem(rm -f build/kactl.tmp)...executed.

runsystem(python3 content/tex/preprocessor.py -i "content/strings/AhoCorasick-arman.h" -o build/kactl.tmp )...executed.

 (./build/kactl.tmp
Underfull \hbox (badness 10000) in paragraph at lines 5--5
\OT1/pcr/m/n/7 call prepare to use everything. link = suffix
 []


Underfull \hbox (badness 10000) in paragraph at lines 5--5
\OT1/pcr/m/n/7 link. to[ch] = trie transition. jump[ch] =
 []

)) (./content/various/chapter.tex
Chapter 10.
runsystem(rm -f build/kactl.tmp)...executed.

runsystem(python3 content/tex/preprocessor.py -i "content/various/Random.h" -o build/kactl.tmp )...executed.

(./build/kactl.tmp)
runsystem(rm -f build/kactl.tmp)...executed.

runsystem(python3 content/tex/preprocessor.py -i "content/various/IntervalContainer.h" -o build/kactl.tmp )...executed.

 (./build/kactl.tmp)
runsystem(rm -f build/kactl.tmp)...executed.

runsystem(python3 content/tex/preprocessor.py -i "content/various/IntervalCover.h" -o build/kactl.tmp )...executed.

 (./build/kactl.tmp
runsystem(python3 content/tex/preprocessor.py --print-header "IntervalCover.h|IntervalCover.h" -o build/header2.tmp)...executed.

 (./build/header2.tmp) [23])
runsystem(rm -f build/kactl.tmp)...executed.

runsystem(python3 content/tex/preprocessor.py -i "content/various/ConstantIntervals.h" -o build/kactl.tmp )...executed.

 (./build/kactl.tmp
Underfull \hbox (badness 10000) in paragraph at lines 7--7
\OT1/cmr/bx/n/7 Usage: \OT1/pcr/m/n/7 constantIntervals(0, sz(v), [&](int
 []


Underfull \hbox (badness 10000) in paragraph at lines 7--7
\OT1/pcr/m/n/7 x)\OMS/cmsy/m/n/7 f\OT1/pcr/m/n/7 return v[x];\OMS/cmsy/m/n/7 g\OT1/pcr/m/n/7 , [&](int lo, int hi, T
 []

)
runsystem(rm -f build/kactl.tmp)...executed.

runsystem(python3 content/tex/preprocessor.py -i "content/various/LIS.h" -o build/kactl.tmp )...executed.

 (./build/kactl.tmp)
runsystem(rm -f build/kactl.tmp)...executed.

runsystem(python3 content/tex/preprocessor.py -i "content/various/FastKnapsack.h" -o build/kactl.tmp )...executed.

 (./build/kactl.tmp)
runsystem(rm -f build/kactl.tmp)...executed.

runsystem(python3 content/tex/preprocessor.py -i "content/various/KnuthDP.h" -o build/kactl.tmp )...executed.

 (./build/kactl.tmp)
runsystem(rm -f build/kactl.tmp)...executed.

runsystem(python3 content/tex/preprocessor.py -i "content/various/DivideAndConquerDP.h" -o build/kactl.tmp )...executed.

 (./build/kactl.tmp)
Overfull \hbox (13.67644pt too wide) in paragraph at lines 21--24
[][]\OT1/pcr/m/n/8 signal(SIGSEGV, [](int) { _Exit(0); }); 
 []

runsystem(rm -f build/kactl.tmp)...executed.

runsystem(python3 content/tex/preprocessor.py -i "content/various/variableBitset.h" -o build/kactl.tmp )...executed.

(./build/kactl.tmp)
runsystem(rm -f build/kactl.tmp)...executed.

runsystem(python3 content/tex/preprocessor.py -i "content/various/FastMod.h" -o build/kactl.tmp )...executed.

 (./build/kactl.tmp)
runsystem(rm -f build/kactl.tmp)...executed.

runsystem(python3 content/tex/preprocessor.py -i "content/various/FastInput.h" -o build/kactl.tmp )...executed.

 (./build/kactl.tmp)
runsystem(rm -f build/kactl.tmp)...executed.

runsystem(python3 content/tex/preprocessor.py -i "content/various/BumpAllocator.h" -o build/kactl.tmp )...executed.

 (./build/kactl.tmp)
runsystem(rm -f build/kactl.tmp)...executed.

runsystem(python3 content/tex/preprocessor.py -i "content/various/SmallPtr.h" -o build/kactl.tmp )...executed.

 (./build/kactl.tmp)
runsystem(python3 content/tex/preprocessor.py --print-header "SmallPtr.h|SmallPtr.h" -o build/header2.tmp)...executed.

 (./build/header2.tmp) [24]
runsystem(rm -f build/kactl.tmp)...executed.

runsystem(python3 content/tex/preprocessor.py -i "content/various/BumpAllocatorSTL.h" -o build/kactl.tmp )...executed.

 (./build/kactl.tmp
Underfull \hbox (badness 10000) in paragraph at lines 5--5
\OT1/cmr/bx/n/7 Usage: \OT1/pcr/m/n/7 vector$\OML/cmm/m/it/7 <$\OT1/pcr/m/n/7 vector$\OML/cmm/m/it/7 <$\OT1/pcr/m/n/7 int, small$\OML/cmm/m/it/7 <$\OT1/pcr/m/n/7 int$\OML/cmm/m/it/7 >$$>$$>$
 []

)
runsystem(rm -f build/kactl.tmp)...executed.

runsystem(python3 content/tex/preprocessor.py -i "content/various/Unrolling.h" -o build/kactl.tmp )...executed.

 (./build/kactl.tmp)
runsystem(rm -f build/kactl.tmp)...executed.

runsystem(python3 content/tex/preprocessor.py -i "content/various/Dates.h" -o build/kactl.tmp )...executed.

 (./build/kactl.tmp)) (./content/appendix/chapter.tex
Chapter 11.
runsystem(rm -f build/kactl.tmp)...executed.

runsystem(python3 content/tex/preprocessor.py -i "content/appendix/techniques.txt" -o build/kactl.tmp -l raw)...executed.

(./build/kactl.tmp))
runsystem(python3 content/tex/preprocessor.py --print-header "techniques.txt|techniques.txt" -o build/header2.tmp)...executed.

 (./build/header2.tmp) [25]
\tf@ptc=\write5
\openout5 = `kactl.ptc'.

runsystem(rm -f build/header.tmp)...executed.

runsystem(rm -f build/header2.tmp)...executed.

runsystem(rm -f build/kactl.tmp)...executed.

 (build//kactl.aux)
 ***********
LaTeX2e <2026-06-01>
L3 programming layer <2026-06-18>
 ***********
Package rerunfilecheck Info: File `kactl.out' has not changed.
(rerunfilecheck)             Checksum: 349D24B82DD42E18BE973E03AAC3BCF2;1008.
 ) 
Here is how much of TeX's memory you used:
 21882 strings out of 468649
 334013 string characters out of 5445283
 2476657 words of memory out of 5000000
 46257 multiletter control sequences out of 15000+600000
 644853 words of font info for 104 fonts, out of 8000000 for 9000
 319 hyphenation exceptions out of 8191
 84i,16n,98p,1276b,2569s stack positions out of 10000i,1000n,20000p,200000b,200000s
 </Users/mtbishmam/Library/texlive/2026basic/texmf-var/fonts/pk/ljfour/jknappen/ec/tcrm0700.600pk> </Users/mtbishmam/Library/texlive/2026basic/texmf-var/fonts/pk/ljfour/jknappen/ec/tcti0700.600pk> </Users/mtbishmam/Library/texlive/2026basic/texmf-var/fonts/pk/ljfour/jknappen/ec/tcrm0800.600pk></usr/local/texlive/2026basic/texmf-dist/fonts/type1/public/amsfonts/cm/cmbx10.pfb></usr/local/texlive/2026basic/texmf-dist/fonts/type1/public/amsfonts/cm/cmbx12.pfb></usr/local/texlive/2026basic/texmf-dist/fonts/type1/public/amsfonts/cm/cmbx6.pfb></usr/local/texlive/2026basic/texmf-dist/fonts/type1/public/amsfonts/cm/cmbx7.pfb></usr/local/texlive/2026basic/texmf-dist/fonts/type1/public/amsfonts/cm/cmbx8.pfb></usr/local/texlive/2026basic/texmf-dist/fonts/type1/public/amsfonts/cm/cmbx9.pfb></usr/local/texlive/2026basic/texmf-dist/fonts/type1/public/amsfonts/cmextra/cmex7.pfb></usr/local/texlive/2026basic/texmf-dist/fonts/type1/public/amsfonts/cmextra/cmex8.pfb></usr/local/texlive/2026basic/texmf-dist/fonts/type1/public/amsfonts/cmextra/cmex9.pfb></usr/local/texlive/2026basic/texmf-dist/fonts/type1/public/amsfonts/cm/cmmi5.pfb></usr/local/texlive/2026basic/texmf-dist/fonts/type1/public/amsfonts/cm/cmmi6.pfb></usr/local/texlive/2026basic/texmf-dist/fonts/type1/public/amsfonts/cm/cmmi7.pfb></usr/local/texlive/2026basic/texmf-dist/fonts/type1/public/amsfonts/cm/cmmi8.pfb></usr/local/texlive/2026basic/texmf-dist/fonts/type1/public/amsfonts/cm/cmmi9.pfb></usr/local/texlive/2026basic/texmf-dist/fonts/type1/public/amsfonts/cm/cmr12.pfb></usr/local/texlive/2026basic/texmf-dist/fonts/type1/public/amsfonts/cm/cmr17.pfb></usr/local/texlive/2026basic/texmf-dist/fonts/type1/public/amsfonts/cm/cmr5.pfb></usr/local/texlive/2026basic/texmf-dist/fonts/type1/public/amsfonts/cm/cmr6.pfb></usr/local/texlive/2026basic/texmf-dist/fonts/type1/public/amsfonts/cm/cmr7.pfb></usr/local/texlive/2026basic/texmf-dist/fonts/type1/public/amsfonts/cm/cmr8.pfb></usr/local/texlive/2026basic/texmf-dist/fonts/type1/public/amsfonts/cm/cmr9.pfb></usr/local/texlive/2026basic/texmf-dist/fonts/type1/public/amsfonts/cm/cmsy5.pfb></usr/local/texlive/2026basic/texmf-dist/fonts/type1/public/amsfonts/cm/cmsy6.pfb></usr/local/texlive/2026basic/texmf-dist/fonts/type1/public/amsfonts/cm/cmsy7.pfb></usr/local/texlive/2026basic/texmf-dist/fonts/type1/public/amsfonts/cm/cmsy8.pfb></usr/local/texlive/2026basic/texmf-dist/fonts/type1/public/amsfonts/cm/cmsy9.pfb></usr/local/texlive/2026basic/texmf-dist/fonts/type1/public/amsfonts/cm/cmti7.pfb></usr/local/texlive/2026basic/texmf-dist/fonts/type1/public/amsfonts/cm/cmti8.pfb></usr/local/texlive/2026basic/texmf-dist/fonts/type1/public/amsfonts/symbols/msam7.pfb></usr/local/texlive/2026basic/texmf-dist/fonts/type1/public/amsfonts/symbols/msbm10.pfb></usr/local/texlive/2026basic/texmf-dist/fonts/type1/public/amsfonts/symbols/msbm7.pfb></Users/mtbishmam/Library/texmf/fonts/type1/urw/courier/ucrb8a.pfb></Users/mtbishmam/Library/texmf/fonts/type1/urw/courier/ucrr8a.pfb></Users/mtbishmam/Library/texmf/fonts/type1/urw/courier/ucrro8a.pfb>
Output written on build//kactl.pdf (26 pages, 2592334 bytes).
PDF statistics:
 5642 PDF objects out of 6186 (max. 8388607)
 5320 compressed objects within 54 object streams
 4020 named destinations out of 4296 (max. 500000)
 149 words of extra memory for PDF output out of 10000 (max. 10000000)

